
    -----------------------------------------------------------------------
          Psi4: An Open-Source Ab Initio Electronic Structure Package
                               Psi4 1.3.2 release

                         Git: Rev {HEAD} ecbda83 


    R. M. Parrish, L. A. Burns, D. G. A. Smith, A. C. Simmonett,
    A. E. DePrince III, E. G. Hohenstein, U. Bozkaya, A. Yu. Sokolov,
    R. Di Remigio, R. M. Richard, J. F. Gonthier, A. M. James,
    H. R. McAlexander, A. Kumar, M. Saitow, X. Wang, B. P. Pritchard,
    P. Verma, H. F. Schaefer III, K. Patkowski, R. A. King, E. F. Valeev,
    F. A. Evangelista, J. M. Turney, T. D. Crawford, and C. D. Sherrill,
    J. Chem. Theory Comput. 13(7) pp 3185--3197 (2017).
    (doi: 10.1021/acs.jctc.7b00174)


                         Additional Contributions by
    P. Kraus, H. Kruse, M. H. Lechner, M. C. Schieber, R. A. Shaw,
    A. Alenaizan, R. Galvelis, Z. L. Glick, S. Lehtola, and J. P. Misiewicz

    -----------------------------------------------------------------------


    Psi4 started on: Sunday, 25 July 2021 06:23AM

    Process ID: 1650524
    Host:       gavle
    PSIDATADIR: /store/opt/anaconda3/envs/psiresp/share/psi4
    Memory:     500.0 MiB
    Threads:    1
    
  ==> Input File <==

--------------------------------------------------------------------------
memory 500MB
molecule nme2ala2_solvated_c001_o001 {
    units Angstrom
    no_com
    no_reorient
    0 1
        C               -1.418226222472137    -0.529811499803617     0.031714090007150
    H               -1.452128617916569    -1.604168049396452     0.175167982779789
    H               -1.954895611012030    -0.061410068185364     0.851388290197367
    H               -1.910296561287842    -0.269520826643125    -0.893974139235408
    C                0.000000000000000     0.000000000000000     0.000000000000000
    O                0.332949129188107     0.892217815849341    -0.727404855399488
    N                0.869576529806922    -0.620513367916468     0.846737309421570
    H                0.474693645977293    -1.261537802060092     1.498238506281098
    C                2.181651420824369    -0.074330265293132     1.209533369215883
    C                2.816635078439484    -1.061238397585070     2.201578767015335
    H                2.223526050815746    -1.117711779201286     3.110162495235581
    H                2.892856093834139    -2.054425374022408     1.772566219897687
    H                3.810199325367660    -0.725353988964513     2.468100124457842
    C                2.054350689659348     1.309215207819001     1.855453290744422
    H                3.026406695320264     1.671935802873882     2.156700171769036
    H                1.625038212423306     2.021012185967890     1.165179353399468
    H                1.416652207759027     1.238895429795118     2.731995961209797
    C                3.132363607742307    -0.000000000000003     0.000000000000000
    O                4.043911934062320     0.781424135879420     0.000000000000000
    N                2.968396317542393    -0.930670243905599    -0.963104630826850
    H                2.092419500818157    -1.394682601690146    -1.004074593683515
    C                3.762989993030206    -0.879398281090697    -2.171831968557909
    H                3.499885735498246    -0.029691051034028    -2.792775208766367
    H                4.809404568300345    -0.805978145328745    -1.915840872507505
    H                3.600923843947478    -1.791296675947460    -2.732081055283911


}

set basis aug-cc-pV(D+d)Z

set {
    pcm true
    pcm_scf_type total
}

pcm = {
    Units = Angstrom
    Medium {
        SolverType = CPCM
        Solvent = water
    }

    Cavity {
        RadiiSet = bondi # Bondi | UFF | Allinger
        Type = GePol
        Scaling = True # radii for spheres scaled by 1.2
        Area = 0.3
        Mode = Implicit
    }
}

E, wfn = prop('pw6b95', properties=['GRID_ESP'], return_wfn=True)
esp = wfn.oeprop.Vvals()
--------------------------------------------------------------------------

  Memory set to 476.837 MiB by Python driver.

*** tstart() called on gavle
*** at Sun Jul 25 06:23:36 2021

   => Loading Basis Set <=

    Name: AUG-CC-PV(D+D)Z
    Role: ORBITAL
    Keyword: BASIS
    atoms 1, 5, 9-10, 14, 18, 22          entry C          line   198 file /store/opt/anaconda3/envs/psiresp/share/psi4/basis/aug-cc-pv_dpd_z.gbs 
    atoms 2-4, 8, 11-13, 15-17, 21, 23-25 entry H          line    56 file /store/opt/anaconda3/envs/psiresp/share/psi4/basis/aug-cc-pv_dpd_z.gbs 
    atoms 6, 19                           entry O          line   270 file /store/opt/anaconda3/envs/psiresp/share/psi4/basis/aug-cc-pv_dpd_z.gbs 
    atoms 7, 20                           entry N          line   234 file /store/opt/anaconda3/envs/psiresp/share/psi4/basis/aug-cc-pv_dpd_z.gbs 


         ---------------------------------------------------------
                                   SCF
               by Justin Turney, Rob Parrish, Andy Simmonett
                          and Daniel G. A. Smith
                              RKS Reference
                        1 Threads,    476 MiB Core
         ---------------------------------------------------------

  ==> Geometry <==

    Molecular point group: c1
    Full point group: C1

    Geometry (in Angstrom), charge = 0, multiplicity = 1:

       Center              X                  Y                   Z               Mass       
    ------------   -----------------  -----------------  -----------------  -----------------
         C           -1.418226222472    -0.529811499804     0.031714090007    12.000000000000
         H           -1.452128617917    -1.604168049396     0.175167982780     1.007825032230
         H           -1.954895611012    -0.061410068185     0.851388290197     1.007825032230
         H           -1.910296561288    -0.269520826643    -0.893974139235     1.007825032230
         C            0.000000000000     0.000000000000     0.000000000000    12.000000000000
         O            0.332949129188     0.892217815849    -0.727404855399    15.994914619570
         N            0.869576529807    -0.620513367916     0.846737309422    14.003074004430
         H            0.474693645977    -1.261537802060     1.498238506281     1.007825032230
         C            2.181651420824    -0.074330265293     1.209533369216    12.000000000000
         C            2.816635078439    -1.061238397585     2.201578767015    12.000000000000
         H            2.223526050816    -1.117711779201     3.110162495236     1.007825032230
         H            2.892856093834    -2.054425374022     1.772566219898     1.007825032230
         H            3.810199325368    -0.725353988965     2.468100124458     1.007825032230
         C            2.054350689659     1.309215207819     1.855453290744    12.000000000000
         H            3.026406695320     1.671935802874     2.156700171769     1.007825032230
         H            1.625038212423     2.021012185968     1.165179353399     1.007825032230
         H            1.416652207759     1.238895429795     2.731995961210     1.007825032230
         C            3.132363607742    -0.000000000000     0.000000000000    12.000000000000
         O            4.043911934062     0.781424135879     0.000000000000    15.994914619570
         N            2.968396317542    -0.930670243906    -0.963104630827    14.003074004430
         H            2.092419500818    -1.394682601690    -1.004074593684     1.007825032230
         C            3.762989993030    -0.879398281091    -2.171831968558    12.000000000000
         H            3.499885735498    -0.029691051034    -2.792775208766     1.007825032230
         H            4.809404568300    -0.805978145329    -1.915840872508     1.007825032230
         H            3.600923843947    -1.791296675947    -2.732081055284     1.007825032230

  Running in c1 symmetry.

  Rotational constants: A =      0.04546  B =      0.01498  C =      0.01312 [cm^-1]
  Rotational constants: A =   1362.85193  B =    449.16748  C =    393.45312 [MHz]
  Nuclear repulsion =  680.028081014479540

  Charge       = 0
  Multiplicity = 1
  Electrons    = 86
  Nalpha       = 43
  Nbeta        = 43

  ==> Algorithm <==

  SCF Algorithm Type is DF.
  DIIS enabled.
  MOM disabled.
  Fractional occupation disabled.
  Guess Type is SAD.
  Energy threshold   = 1.00e-06
  Density threshold  = 1.00e-06
  Integral threshold = 0.00e+00

  ==> Primary Basis <==

  Basis Set: AUG-CC-PV(D+D)Z
    Blend: AUG-CC-PV(D+D)Z
    Number of shells: 169
    Number of basis function: 379
    Number of Cartesian functions: 401
    Spherical Harmonics?: true
    Max angular momentum: 2

  ==> DFT Potential <==

   => Composite Functional: PW6B95 <= 

    PW6B95 Hybrid Meta-GGA XC Functional

    Y. Zhao and D. Truhlar, J. Phys. Chem. A., 109,5656-5667, 2005


    Deriv               =              1
    GGA                 =           TRUE
    Meta                =           TRUE

    Exchange Hybrid     =           TRUE
    MP2 Hybrid          =          FALSE

   => Exchange Functionals <=

    0.7200    XC_GGA_X_PW91

   => Exact (HF) Exchange <=

    0.2800               HF 

   => Correlation Functionals <=

    1.0000   XC_MGGA_C_BC95

   => Molecular Quadrature <=

    Radial Scheme          =       TREUTLER
    Pruning Scheme         =           FLAT
    Nuclear Scheme         =       TREUTLER

    BS radius alpha        =              1
    Pruning alpha          =              1
    Radial Points          =             75
    Spherical Points       =            302
    Total Points           =         566250
    Total Blocks           =           4113
    Max Points             =            256
    Max Functions          =            375

   => Loading Basis Set <=

    Name: (AUG-CC-PV(D+D)Z AUX)
    Role: JKFIT
    Keyword: DF_BASIS_SCF
    atoms 1, 5, 9-10, 14, 18, 22          entry C          line   154 file /store/opt/anaconda3/envs/psiresp/share/psi4/basis/aug-cc-pvdz-jkfit.gbs 
    atoms 2-4, 8, 11-13, 15-17, 21, 23-25 entry H          line    70 file /store/opt/anaconda3/envs/psiresp/share/psi4/basis/aug-cc-pvdz-jkfit.gbs 
    atoms 6, 19                           entry O          line   270 file /store/opt/anaconda3/envs/psiresp/share/psi4/basis/aug-cc-pvdz-jkfit.gbs 
    atoms 7, 20                           entry N          line   212 file /store/opt/anaconda3/envs/psiresp/share/psi4/basis/aug-cc-pvdz-jkfit.gbs 

  **PSI4:PCMSOLVER Interface Active**

-----------------------------------------------------------------------
   PCMSolver: An Open Source API for the Polarizable Continuum Model
                   PCMSolver 1.2.1+fa7c826

           Git: Branch {HEAD}, Revision {fa7c826}

 R. Di Remigio, A. H. Steindal, K. Mozgawa, V. Weijo, H. Cao, and
 L. Frediani, Int. J. Quantum Chem., to be submitted

 Source repository: https://github.com/PCMSolver/pcmsolver
 Documentation: https://pcmsolver.readthedocs.io/
 PCMSolver initialized on: Sunday, 25 July 2021 06:23 AM
-----------------------------------------------------------------------

~~~~~~~~~~ PCMSolver ~~~~~~~~~~
Using CODATA 2010 set of constants.
Input parsing done API-side
========== Cavity 
Atomic radii set: 
Cavity type: GePol
Average tesserae area = 0.3 Ang^2
Solvent probe radius = 1.385 Ang
Number of spheres = 25 [initial = 25; added = 0]
Number of finite elements = 1146
Number of irreducible finite elements = 1146
============ Spheres list (in Angstrom)
 Sphere   on   Radius   Alpha       X            Y            Z     
-------- ---- -------- ------- -----------  -----------  -----------
   1      C    1.7000   1.20     -1.418226     -0.529812     0.031714
   2      H    1.2000   1.20     -1.452129     -1.604168     0.175168
   3      H    1.2000   1.20     -1.954896     -0.061410     0.851388
   4      H    1.2000   1.20     -1.910297     -0.269521     -0.893974
   5      C    1.7000   1.20     0.000000     0.000000     0.000000
   6      O    1.5200   1.20     0.332949     0.892218     -0.727405
   7      N    1.5500   1.20     0.869577     -0.620513     0.846737
   8      H    1.2000   1.20     0.474694     -1.261538     1.498239
   9      C    1.7000   1.20     2.181651     -0.074330     1.209533
  10      C    1.7000   1.20     2.816635     -1.061238     2.201579
  11      H    1.2000   1.20     2.223526     -1.117712     3.110162
  12      H    1.2000   1.20     2.892856     -2.054425     1.772566
  13      H    1.2000   1.20     3.810199     -0.725354     2.468100
  14      C    1.7000   1.20     2.054351     1.309215     1.855453
  15      H    1.2000   1.20     3.026407     1.671936     2.156700
  16      H    1.2000   1.20     1.625038     2.021012     1.165179
  17      H    1.2000   1.20     1.416652     1.238895     2.731996
  18      C    1.7000   1.20     3.132364     -0.000000     0.000000
  19      O    1.5200   1.20     4.043912     0.781424     0.000000
  20      N    1.5500   1.20     2.968396     -0.930670     -0.963105
  21      H    1.2000   1.20     2.092420     -1.394683     -1.004075
  22      C    1.7000   1.20     3.762990     -0.879398     -2.171832
  23      H    1.2000   1.20     3.499886     -0.029691     -2.792775
  24      H    1.2000   1.20     4.809405     -0.805978     -1.915841
  25      H    1.2000   1.20     3.600924     -1.791297     -2.732081
========== Static solver 
Solver Type: C-PCM
PCM matrix hermitivitized
Correction = 0.00
============ Medium 
Medium initialized from solvent built-in data.
Solvent name:          Water
Static  permittivity = 78.39
Optical permittivity = 1.78
Solvent radius =       1.39 Ang
.... Inside 
Green's function type: vacuum
.... Outside 
Green's function type: uniform dielectric
Permittivity = 78.39

  PCM does not make use of molecular symmetry: further calculations in C1 point group.
  ==> Pre-Iterations <==

   -------------------------------------------------------
    Irrep   Nso     Nmo     Nalpha   Nbeta   Ndocc  Nsocc
   -------------------------------------------------------
     A        379     379       0       0       0       0
   -------------------------------------------------------
    Total     379     379      43      43      43       0
   -------------------------------------------------------

  ==> Integral Setup <==

  ==> DiskDFJK: Density-Fitted J/K Matrices <==

    J tasked:                  Yes
    K tasked:                  Yes
    wK tasked:                  No
    OpenMP threads:              1
    Integrals threads:           1
    Memory [MiB]:              321
    Algorithm:                Disk
    Integral Cache:           NONE
    Schwarz Cutoff:          1E-12
    Fitting Condition:       1E-10

   => Auxiliary Basis Set <=

  Basis Set: (AUG-CC-PV(D+D)Z AUX)
    Blend: AUG-CC-PVDZ-JKFIT
    Number of shells: 476
    Number of basis function: 1394
    Number of Cartesian functions: 1601
    Spherical Harmonics?: true
    Max angular momentum: 3

  Cached 0.3% of DFT collocation blocks in 0.032 [GiB].

  Minimum eigenvalue in the overlap matrix is 3.8615656892E-06.
  Using Symmetric Orthogonalization.

  SCF Guess: Superposition of Atomic Densities via on-the-fly atomic UHF.

  ==> Iterations <==

                           Total Energy        Delta E     RMS |[F,P]|

   @DF-RKS iter SAD:  -535.10536195906229   -5.35105e+02   0.00000e+00 
   @DF-RKS iter   1:  -534.96259614292001    1.42766e-01   3.67268e-03 DIIS
   @DF-RKS iter   2:  -534.75202234589574    2.10574e-01   4.02764e-03 DIIS
   @DF-RKS iter   3:  -535.88163914440099   -1.12962e+00   5.43663e-04 DIIS
   @DF-RKS iter   4:  -535.89474902072880   -1.31099e-02   2.46656e-04 DIIS
   @DF-RKS iter   5:  -535.89792855783105   -3.17954e-03   8.78071e-05 DIIS
   @DF-RKS iter   6:  -535.89838498935080   -4.56432e-04   1.59609e-05 DIIS
   @DF-RKS iter   7:  -535.89839877347754   -1.37841e-05   5.59008e-06 DIIS
   @DF-RKS iter   8:  -535.89840034590793   -1.57243e-06   2.00628e-06 DIIS
   @DF-RKS iter   9:  -535.89840053417436   -1.88266e-07   7.16939e-07 DIIS
  Energy and wave function converged.


  ==> Post-Iterations <==

    Orbital Energies [Eh]
    ---------------------

    Doubly Occupied:                                                      

       1A    -19.295240     2A    -19.279934     3A    -14.502103  
       4A    -14.495223     5A    -10.415196     6A    -10.399424  
       7A    -10.362710     8A    -10.331266     9A    -10.303779  
      10A    -10.301232    11A    -10.290331    12A     -1.098549  
      13A     -1.083082    14A     -0.969683    15A     -0.949123  
      16A     -0.824052    17A     -0.756063    18A     -0.736970  
      19A     -0.719962    20A     -0.645347    21A     -0.616909  
      22A     -0.598073    23A     -0.545318    24A     -0.517826  
      25A     -0.499636    26A     -0.477866    27A     -0.474256  
      28A     -0.467069    29A     -0.451202    30A     -0.444084  
      31A     -0.430843    32A     -0.425489    33A     -0.413226  
      34A     -0.409398    35A     -0.396561    36A     -0.387113  
      37A     -0.383862    38A     -0.378103    39A     -0.365154  
      40A     -0.300517    41A     -0.288768    42A     -0.274459  
      43A     -0.264177  

    Virtual:                                                              

      44A     -0.007666    45A      0.007298    46A      0.012639  
      47A      0.014623    48A      0.023213    49A      0.028889  
      50A      0.031421    51A      0.033106    52A      0.038466  
      53A      0.041652    54A      0.042868    55A      0.051462  
      56A      0.057679    57A      0.061795    58A      0.068492  
      59A      0.069909    60A      0.077750    61A      0.087339  
      62A      0.089400    63A      0.095038    64A      0.102552  
      65A      0.106627    66A      0.111043    67A      0.112235  
      68A      0.114549    69A      0.117443    70A      0.121146  
      71A      0.125608    72A      0.127778    73A      0.129998  
      74A      0.135321    75A      0.136972    76A      0.138175  
      77A      0.140937    78A      0.147679    79A      0.148669  
      80A      0.153172    81A      0.158559    82A      0.163552  
      83A      0.167881    84A      0.171172    85A      0.175377  
      86A      0.177907    87A      0.184144    88A      0.191970  
      89A      0.200183    90A      0.203035    91A      0.208190  
      92A      0.215650    93A      0.220229    94A      0.224393  
      95A      0.228819    96A      0.232020    97A      0.240248  
      98A      0.244022    99A      0.249917   100A      0.257223  
     101A      0.260292   102A      0.262347   103A      0.272253  
     104A      0.274823   105A      0.276639   106A      0.284033  
     107A      0.288481   108A      0.297629   109A      0.303307  
     110A      0.305190   111A      0.309991   112A      0.316092  
     113A      0.322065   114A      0.327029   115A      0.330496  
     116A      0.337062   117A      0.342682   118A      0.346856  
     119A      0.350167   120A      0.354103   121A      0.361340  
     122A      0.367542   123A      0.374050   124A      0.383681  
     125A      0.385518   126A      0.388523   127A      0.391479  
     128A      0.399649   129A      0.404412   130A      0.408172  
     131A      0.412005   132A      0.414368   133A      0.421580  
     134A      0.430367   135A      0.434078   136A      0.441480  
     137A      0.454023   138A      0.457155   139A      0.459911  
     140A      0.466738   141A      0.470171   142A      0.475987  
     143A      0.480934   144A      0.484581   145A      0.487862  
     146A      0.490761   147A      0.500637   148A      0.508093  
     149A      0.512763   150A      0.515607   151A      0.520925  
     152A      0.522730   153A      0.526998   154A      0.535030  
     155A      0.542773   156A      0.543292   157A      0.552093  
     158A      0.557792   159A      0.558910   160A      0.564861  
     161A      0.569428   162A      0.573459   163A      0.584169  
     164A      0.588832   165A      0.597833   166A      0.602106  
     167A      0.610140   168A      0.614489   169A      0.618450  
     170A      0.627046   171A      0.633460   172A      0.637439  
     173A      0.646193   174A      0.647022   175A      0.652173  
     176A      0.665897   177A      0.670729   178A      0.678536  
     179A      0.680673   180A      0.686393   181A      0.691458  
     182A      0.702804   183A      0.706646   184A      0.714881  
     185A      0.718922   186A      0.724285   187A      0.735439  
     188A      0.745241   189A      0.749846   190A      0.763721  
     191A      0.776915   192A      0.779812   193A      0.784564  
     194A      0.796533   195A      0.807103   196A      0.811271  
     197A      0.816077   198A      0.830759   199A      0.832136  
     200A      0.835072   201A      0.849637   202A      0.859291  
     203A      0.865058   204A      0.869880   205A      0.886081  
     206A      0.893235   207A      0.907188   208A      0.910978  
     209A      0.916222   210A      0.934586   211A      0.942211  
     212A      0.948814   213A      0.962899   214A      0.973176  
     215A      0.982110   216A      0.987231   217A      0.994533  
     218A      1.006564   219A      1.019070   220A      1.030767  
     221A      1.035912   222A      1.044173   223A      1.056208  
     224A      1.077086   225A      1.079565   226A      1.094645  
     227A      1.102309   228A      1.116657   229A      1.128775  
     230A      1.145751   231A      1.152275   232A      1.157779  
     233A      1.174151   234A      1.176742   235A      1.190670  
     236A      1.197998   237A      1.224124   238A      1.249594  
     239A      1.257887   240A      1.264939   241A      1.288765  
     242A      1.303125   243A      1.304332   244A      1.334633  
     245A      1.346231   246A      1.362525   247A      1.367358  
     248A      1.384664   249A      1.405225   250A      1.416932  
     251A      1.431136   252A      1.451457   253A      1.461108  
     254A      1.478551   255A      1.483925   256A      1.504998  
     257A      1.519559   258A      1.523191   259A      1.535763  
     260A      1.565704   261A      1.578884   262A      1.588810  
     263A      1.603974   264A      1.605777   265A      1.620532  
     266A      1.643404   267A      1.659911   268A      1.665541  
     269A      1.668789   270A      1.679055   271A      1.687193  
     272A      1.702125   273A      1.711275   274A      1.714258  
     275A      1.722023   276A      1.736010   277A      1.754130  
     278A      1.759575   279A      1.777716   280A      1.802241  
     281A      1.818970   282A      1.822244   283A      1.837095  
     284A      1.862202   285A      1.866909   286A      1.873010  
     287A      1.880385   288A      1.885830   289A      1.898548  
     290A      1.924970   291A      1.931720   292A      1.942475  
     293A      1.952887   294A      1.965536   295A      1.978688  
     296A      1.993650   297A      2.006173   298A      2.019240  
     299A      2.026935   300A      2.042011   301A      2.044120  
     302A      2.052644   303A      2.068391   304A      2.083371  
     305A      2.100355   306A      2.107045   307A      2.111155  
     308A      2.135165   309A      2.138680   310A      2.159959  
     311A      2.163804   312A      2.184953   313A      2.211061  
     314A      2.221494   315A      2.228267   316A      2.236642  
     317A      2.259642   318A      2.277037   319A      2.292593  
     320A      2.304893   321A      2.308579   322A      2.331057  
     323A      2.351430   324A      2.363992   325A      2.373663  
     326A      2.392279   327A      2.403433   328A      2.407697  
     329A      2.414996   330A      2.441066   331A      2.450501  
     332A      2.479181   333A      2.483682   334A      2.494508  
     335A      2.532029   336A      2.543531   337A      2.556776  
     338A      2.571344   339A      2.578228   340A      2.596547  
     341A      2.606067   342A      2.620836   343A      2.637141  
     344A      2.647415   345A      2.663621   346A      2.673179  
     347A      2.699562   348A      2.710198   349A      2.737379  
     350A      2.750410   351A      2.769414   352A      2.779624  
     353A      2.813349   354A      2.831000   355A      2.839821  
     356A      2.872499   357A      2.901800   358A      2.971335  
     359A      2.999368   360A      3.101049   361A      3.136457  
     362A      3.188627   363A      3.218278   364A      3.242793  
     365A      3.317728   366A      3.375570   367A      3.456477  
     368A      3.462229   369A      3.473592   370A      3.492097  
     371A      3.537974   372A      3.591294   373A      3.620947  
     374A      3.669030   375A      3.687800   376A      3.713843  
     377A      3.743630   378A      3.862433   379A      3.961725  

    Final Occupation by Irrep:
              A 
    DOCC [    43 ]

  @DF-RKS Final Energy:  -535.89840053417436

   => Energetics <=

    Nuclear Repulsion Energy =            680.0280810144795396
    One-Electron Energy =               -2076.3813957945658331
    Two-Electron Energy =                 915.6711912045166173
    DFT Exchange-Correlation Energy =     -55.1991649483231015
    Empirical Dispersion Energy =           0.0000000000000000
    VV10 Nonlocal Energy =                  0.0000000000000000
    PCM Polarization Energy =              -0.0171120102815855
    Total Energy =                       -535.8984005341743568

Computation Completed


Properties will be evaluated at   0.000000,   0.000000,   0.000000 [a0]

Properties computed using the PW6B95 density matrix

  Nuclear Dipole Moment: [e a0]
     X:   304.6503      Y:   -20.9126      Z:    35.3674

  Electronic Dipole Moment: [e a0]
     X:  -305.9948      Y:    18.5885      Z:   -34.2875

  Dipole Moment: [e a0]
     X:    -1.3446      Y:    -2.3240      Z:     1.0799     Total:     2.8940

  Dipole Moment: [D]
     X:    -3.4176      Y:    -5.9071      Z:     2.7449     Total:     7.3558


 Electrostatic potential computed on the grid and written to grid_esp.dat

*** tstop() called on gavle at Sun Jul 25 06:36:23 2021
Module time:
	user time   =     762.76 seconds =      12.71 minutes
	system time =       3.02 seconds =       0.05 minutes
	total time  =        767 seconds =      12.78 minutes
Total time:
	user time   =     762.76 seconds =      12.71 minutes
	system time =       3.02 seconds =       0.05 minutes
	total time  =        767 seconds =      12.78 minutes

    Psi4 stopped on: Sunday, 25 July 2021 06:36AM
    Psi4 wall time for execution: 0:12:46.39

*** Psi4 exiting successfully. Buy a developer a beer!
