
    -----------------------------------------------------------------------
          Psi4: An Open-Source Ab Initio Electronic Structure Package
                               Psi4 1.3.2 release

                         Git: Rev {HEAD} ecbda83 


    R. M. Parrish, L. A. Burns, D. G. A. Smith, A. C. Simmonett,
    A. E. DePrince III, E. G. Hohenstein, U. Bozkaya, A. Yu. Sokolov,
    R. Di Remigio, R. M. Richard, J. F. Gonthier, A. M. James,
    H. R. McAlexander, A. Kumar, M. Saitow, X. Wang, B. P. Pritchard,
    P. Verma, H. F. Schaefer III, K. Patkowski, R. A. King, E. F. Valeev,
    F. A. Evangelista, J. M. Turney, T. D. Crawford, and C. D. Sherrill,
    J. Chem. Theory Comput. 13(7) pp 3185--3197 (2017).
    (doi: 10.1021/acs.jctc.7b00174)


                         Additional Contributions by
    P. Kraus, H. Kruse, M. H. Lechner, M. C. Schieber, R. A. Shaw,
    A. Alenaizan, R. Galvelis, Z. L. Glick, S. Lehtola, and J. P. Misiewicz

    -----------------------------------------------------------------------


    Psi4 started on: Sunday, 25 July 2021 06:36AM

    Process ID: 1652563
    Host:       gavle
    PSIDATADIR: /store/opt/anaconda3/envs/psiresp/share/psi4
    Memory:     500.0 MiB
    Threads:    1
    
  ==> Input File <==

--------------------------------------------------------------------------
memory 500MB
molecule nme2ala2_solvated_c001_o002 {
    units Angstrom
    no_com
    no_reorient
    0 1
        C                5.000348311730159     2.559454804197975    -0.031714090007149
    H                5.725319584663712     1.765850355186380    -0.175167982779788
    H                5.102943238872412     3.264357786644840    -0.851388290197367
    H                5.204529274675070     3.077329873348280     0.893974139235408
    C                3.578785877724325     2.038661092969474     0.000000000000000
    O                2.745316135114496     2.499351815363570     0.727404855399488
    N                3.322442515530285     1.001603591375111    -0.846737309421570
    H                4.039447213507296     0.771931912255429    -1.498238506281098
    C                1.970816682801048     0.562326788517625    -1.209533369215883
    C                2.131043757996762    -0.600221787412197    -2.201578767015335
    H                2.618097045378663    -0.257079460191511    -3.110162495235581
    H                2.719579262215178    -1.403873436839304    -1.772566219897686
    H                1.158106889320994    -0.991862053855432    -2.468100124457842
    C                1.167001629156036     1.695589737641919    -1.855453290744422
    H                0.192928167614882     1.338322331152532    -2.156700171769036
    H                1.029678341067902     2.515410727712983    -1.165179353399468
    H                1.696919734227593     2.057240158513612    -2.731995961209797
    C                1.200643174032868     0.000000000000000    -0.000000000000000
    O                0.000000000000000     0.000000000000000     0.000000000000000
    N                1.930845384853568    -0.599864240023830     0.963104630826850
    H                2.897898446088468    -0.382031211372742     1.004074593683516
    C                1.294206872459097    -1.078089425299847     2.171831968557910
    H                0.940938306435507    -0.261739287551553     2.792775208766368
    H                0.451966860822956    -1.703393945091797     1.915840872507506
    H                2.010748273573761    -1.664939099159753     2.732081055283913


}

set basis aug-cc-pV(D+d)Z

set {
    pcm true
    pcm_scf_type total
}

pcm = {
    Units = Angstrom
    Medium {
        SolverType = CPCM
        Solvent = water
    }

    Cavity {
        RadiiSet = bondi # Bondi | UFF | Allinger
        Type = GePol
        Scaling = True # radii for spheres scaled by 1.2
        Area = 0.3
        Mode = Implicit
    }
}

E, wfn = prop('pw6b95', properties=['GRID_ESP'], return_wfn=True)
esp = wfn.oeprop.Vvals()
--------------------------------------------------------------------------

  Memory set to 476.837 MiB by Python driver.

*** tstart() called on gavle
*** at Sun Jul 25 06:36:23 2021

   => Loading Basis Set <=

    Name: AUG-CC-PV(D+D)Z
    Role: ORBITAL
    Keyword: BASIS
    atoms 1, 5, 9-10, 14, 18, 22          entry C          line   198 file /store/opt/anaconda3/envs/psiresp/share/psi4/basis/aug-cc-pv_dpd_z.gbs 
    atoms 2-4, 8, 11-13, 15-17, 21, 23-25 entry H          line    56 file /store/opt/anaconda3/envs/psiresp/share/psi4/basis/aug-cc-pv_dpd_z.gbs 
    atoms 6, 19                           entry O          line   270 file /store/opt/anaconda3/envs/psiresp/share/psi4/basis/aug-cc-pv_dpd_z.gbs 
    atoms 7, 20                           entry N          line   234 file /store/opt/anaconda3/envs/psiresp/share/psi4/basis/aug-cc-pv_dpd_z.gbs 


         ---------------------------------------------------------
                                   SCF
               by Justin Turney, Rob Parrish, Andy Simmonett
                          and Daniel G. A. Smith
                              RKS Reference
                        1 Threads,    476 MiB Core
         ---------------------------------------------------------

  ==> Geometry <==

    Molecular point group: c1
    Full point group: C1

    Geometry (in Angstrom), charge = 0, multiplicity = 1:

       Center              X                  Y                   Z               Mass       
    ------------   -----------------  -----------------  -----------------  -----------------
         C            5.000348311730     2.559454804198    -0.031714090007    12.000000000000
         H            5.725319584664     1.765850355186    -0.175167982780     1.007825032230
         H            5.102943238872     3.264357786645    -0.851388290197     1.007825032230
         H            5.204529274675     3.077329873348     0.893974139235     1.007825032230
         C            3.578785877724     2.038661092969     0.000000000000    12.000000000000
         O            2.745316135114     2.499351815364     0.727404855399    15.994914619570
         N            3.322442515530     1.001603591375    -0.846737309422    14.003074004430
         H            4.039447213507     0.771931912255    -1.498238506281     1.007825032230
         C            1.970816682801     0.562326788518    -1.209533369216    12.000000000000
         C            2.131043757997    -0.600221787412    -2.201578767015    12.000000000000
         H            2.618097045379    -0.257079460192    -3.110162495236     1.007825032230
         H            2.719579262215    -1.403873436839    -1.772566219898     1.007825032230
         H            1.158106889321    -0.991862053855    -2.468100124458     1.007825032230
         C            1.167001629156     1.695589737642    -1.855453290744    12.000000000000
         H            0.192928167615     1.338322331153    -2.156700171769     1.007825032230
         H            1.029678341068     2.515410727713    -1.165179353399     1.007825032230
         H            1.696919734228     2.057240158514    -2.731995961210     1.007825032230
         C            1.200643174033     0.000000000000     0.000000000000    12.000000000000
         O            0.000000000000     0.000000000000     0.000000000000    15.994914619570
         N            1.930845384854    -0.599864240024     0.963104630827    14.003074004430
         H            2.897898446088    -0.382031211373     1.004074593684     1.007825032230
         C            1.294206872459    -1.078089425300     2.171831968558    12.000000000000
         H            0.940938306436    -0.261739287552     2.792775208766     1.007825032230
         H            0.451966860823    -1.703393945092     1.915840872508     1.007825032230
         H            2.010748273574    -1.664939099160     2.732081055284     1.007825032230

  Running in c1 symmetry.

  Rotational constants: A =      0.04181  B =      0.01184  C =      0.01095 [cm^-1]
  Rotational constants: A =   1253.39816  B =    354.81105  C =    328.29129 [MHz]
  Nuclear repulsion =  680.028081014479426

  Charge       = 0
  Multiplicity = 1
  Electrons    = 86
  Nalpha       = 43
  Nbeta        = 43

  ==> Algorithm <==

  SCF Algorithm Type is DF.
  DIIS enabled.
  MOM disabled.
  Fractional occupation disabled.
  Guess Type is SAD.
  Energy threshold   = 1.00e-06
  Density threshold  = 1.00e-06
  Integral threshold = 0.00e+00

  ==> Primary Basis <==

  Basis Set: AUG-CC-PV(D+D)Z
    Blend: AUG-CC-PV(D+D)Z
    Number of shells: 169
    Number of basis function: 379
    Number of Cartesian functions: 401
    Spherical Harmonics?: true
    Max angular momentum: 2

  ==> DFT Potential <==

   => Composite Functional: PW6B95 <= 

    PW6B95 Hybrid Meta-GGA XC Functional

    Y. Zhao and D. Truhlar, J. Phys. Chem. A., 109,5656-5667, 2005


    Deriv               =              1
    GGA                 =           TRUE
    Meta                =           TRUE

    Exchange Hybrid     =           TRUE
    MP2 Hybrid          =          FALSE

   => Exchange Functionals <=

    0.7200    XC_GGA_X_PW91

   => Exact (HF) Exchange <=

    0.2800               HF 

   => Correlation Functionals <=

    1.0000   XC_MGGA_C_BC95

   => Molecular Quadrature <=

    Radial Scheme          =       TREUTLER
    Pruning Scheme         =           FLAT
    Nuclear Scheme         =       TREUTLER

    BS radius alpha        =              1
    Pruning alpha          =              1
    Radial Points          =             75
    Spherical Points       =            302
    Total Points           =         566250
    Total Blocks           =           4109
    Max Points             =            256
    Max Functions          =            379

   => Loading Basis Set <=

    Name: (AUG-CC-PV(D+D)Z AUX)
    Role: JKFIT
    Keyword: DF_BASIS_SCF
    atoms 1, 5, 9-10, 14, 18, 22          entry C          line   154 file /store/opt/anaconda3/envs/psiresp/share/psi4/basis/aug-cc-pvdz-jkfit.gbs 
    atoms 2-4, 8, 11-13, 15-17, 21, 23-25 entry H          line    70 file /store/opt/anaconda3/envs/psiresp/share/psi4/basis/aug-cc-pvdz-jkfit.gbs 
    atoms 6, 19                           entry O          line   270 file /store/opt/anaconda3/envs/psiresp/share/psi4/basis/aug-cc-pvdz-jkfit.gbs 
    atoms 7, 20                           entry N          line   212 file /store/opt/anaconda3/envs/psiresp/share/psi4/basis/aug-cc-pvdz-jkfit.gbs 

  **PSI4:PCMSOLVER Interface Active**

-----------------------------------------------------------------------
   PCMSolver: An Open Source API for the Polarizable Continuum Model
                   PCMSolver 1.2.1+fa7c826

           Git: Branch {HEAD}, Revision {fa7c826}

 R. Di Remigio, A. H. Steindal, K. Mozgawa, V. Weijo, H. Cao, and
 L. Frediani, Int. J. Quantum Chem., to be submitted

 Source repository: https://github.com/PCMSolver/pcmsolver
 Documentation: https://pcmsolver.readthedocs.io/
 PCMSolver initialized on: Sunday, 25 July 2021 06:36 AM
-----------------------------------------------------------------------

~~~~~~~~~~ PCMSolver ~~~~~~~~~~
Using CODATA 2010 set of constants.
Input parsing done API-side
========== Cavity 
Atomic radii set: 
Cavity type: GePol
Average tesserae area = 0.3 Ang^2
Solvent probe radius = 1.385 Ang
Number of spheres = 25 [initial = 25; added = 0]
Number of finite elements = 1146
Number of irreducible finite elements = 1146
============ Spheres list (in Angstrom)
 Sphere   on   Radius   Alpha       X            Y            Z     
-------- ---- -------- ------- -----------  -----------  -----------
   1      C    1.7000   1.20     5.000348     2.559455     -0.031714
   2      H    1.2000   1.20     5.725320     1.765850     -0.175168
   3      H    1.2000   1.20     5.102943     3.264358     -0.851388
   4      H    1.2000   1.20     5.204529     3.077330     0.893974
   5      C    1.7000   1.20     3.578786     2.038661     0.000000
   6      O    1.5200   1.20     2.745316     2.499352     0.727405
   7      N    1.5500   1.20     3.322443     1.001604     -0.846737
   8      H    1.2000   1.20     4.039447     0.771932     -1.498239
   9      C    1.7000   1.20     1.970817     0.562327     -1.209533
  10      C    1.7000   1.20     2.131044     -0.600222     -2.201579
  11      H    1.2000   1.20     2.618097     -0.257079     -3.110162
  12      H    1.2000   1.20     2.719579     -1.403873     -1.772566
  13      H    1.2000   1.20     1.158107     -0.991862     -2.468100
  14      C    1.7000   1.20     1.167002     1.695590     -1.855453
  15      H    1.2000   1.20     0.192928     1.338322     -2.156700
  16      H    1.2000   1.20     1.029678     2.515411     -1.165179
  17      H    1.2000   1.20     1.696920     2.057240     -2.731996
  18      C    1.7000   1.20     1.200643     0.000000     0.000000
  19      O    1.5200   1.20     0.000000     0.000000     0.000000
  20      N    1.5500   1.20     1.930845     -0.599864     0.963105
  21      H    1.2000   1.20     2.897898     -0.382031     1.004075
  22      C    1.7000   1.20     1.294207     -1.078089     2.171832
  23      H    1.2000   1.20     0.940938     -0.261739     2.792775
  24      H    1.2000   1.20     0.451967     -1.703394     1.915841
  25      H    1.2000   1.20     2.010748     -1.664939     2.732081
========== Static solver 
Solver Type: C-PCM
PCM matrix hermitivitized
Correction = 0.00
============ Medium 
Medium initialized from solvent built-in data.
Solvent name:          Water
Static  permittivity = 78.39
Optical permittivity = 1.78
Solvent radius =       1.39 Ang
.... Inside 
Green's function type: vacuum
.... Outside 
Green's function type: uniform dielectric
Permittivity = 78.39

  PCM does not make use of molecular symmetry: further calculations in C1 point group.
  ==> Pre-Iterations <==

   -------------------------------------------------------
    Irrep   Nso     Nmo     Nalpha   Nbeta   Ndocc  Nsocc
   -------------------------------------------------------
     A        379     379       0       0       0       0
   -------------------------------------------------------
    Total     379     379      43      43      43       0
   -------------------------------------------------------

  ==> Integral Setup <==

  ==> DiskDFJK: Density-Fitted J/K Matrices <==

    J tasked:                  Yes
    K tasked:                  Yes
    wK tasked:                  No
    OpenMP threads:              1
    Integrals threads:           1
    Memory [MiB]:              321
    Algorithm:                Disk
    Integral Cache:           NONE
    Schwarz Cutoff:          1E-12
    Fitting Condition:       1E-10

   => Auxiliary Basis Set <=

  Basis Set: (AUG-CC-PV(D+D)Z AUX)
    Blend: AUG-CC-PVDZ-JKFIT
    Number of shells: 476
    Number of basis function: 1394
    Number of Cartesian functions: 1601
    Spherical Harmonics?: true
    Max angular momentum: 3

  Cached 0.3% of DFT collocation blocks in 0.043 [GiB].

  Minimum eigenvalue in the overlap matrix is 3.8615656892E-06.
  Using Symmetric Orthogonalization.

  SCF Guess: Superposition of Atomic Densities via on-the-fly atomic UHF.

  ==> Iterations <==

                           Total Energy        Delta E     RMS |[F,P]|

   @DF-RKS iter SAD:  -535.10537546858291   -5.35105e+02   0.00000e+00 
   @DF-RKS iter   1:  -534.96288001966423    1.42495e-01   3.67242e-03 DIIS
   @DF-RKS iter   2:  -534.75337639006739    2.09504e-01   4.02566e-03 DIIS
   @DF-RKS iter   3:  -535.88181531906969   -1.12844e+00   5.42525e-04 DIIS
   @DF-RKS iter   4:  -535.89487018329612   -1.30549e-02   2.45917e-04 DIIS
   @DF-RKS iter   5:  -535.89803267140428   -3.16249e-03   8.74645e-05 DIIS
   @DF-RKS iter   6:  -535.89848531832570   -4.52647e-04   1.59524e-05 DIIS
   @DF-RKS iter   7:  -535.89849909631187   -1.37780e-05   5.55632e-06 DIIS
   @DF-RKS iter   8:  -535.89850064941425   -1.55310e-06   2.00502e-06 DIIS
   @DF-RKS iter   9:  -535.89850083755755   -1.88143e-07   7.14530e-07 DIIS
  Energy and wave function converged.


  ==> Post-Iterations <==

    Orbital Energies [Eh]
    ---------------------

    Doubly Occupied:                                                      

       1A    -19.295273     2A    -19.280131     3A    -14.502149  
       4A    -14.495254     5A    -10.415228     6A    -10.399556  
       7A    -10.362814     8A    -10.331190     9A    -10.303792  
      10A    -10.301292    11A    -10.290519    12A     -1.098588  
      13A     -1.083265    14A     -0.969739    15A     -0.949157  
      16A     -0.824142    17A     -0.756095    18A     -0.736965  
      19A     -0.720072    20A     -0.645412    21A     -0.616952  
      22A     -0.598099    23A     -0.545397    24A     -0.517862  
      25A     -0.499676    26A     -0.477915    27A     -0.474282  
      28A     -0.467158    29A     -0.451293    30A     -0.444142  
      31A     -0.430902    32A     -0.425528    33A     -0.413327  
      34A     -0.409370    35A     -0.396613    36A     -0.387242  
      37A     -0.383971    38A     -0.378201    39A     -0.365262  
      40A     -0.300612    41A     -0.288828    42A     -0.274517  
      43A     -0.264347  

    Virtual:                                                              

      44A     -0.007607    45A      0.007331    46A      0.012626  
      47A      0.014626    48A      0.023210    49A      0.028816  
      50A      0.031465    51A      0.033101    52A      0.038478  
      53A      0.041636    54A      0.042843    55A      0.051470  
      56A      0.057689    57A      0.061775    58A      0.068480  
      59A      0.069910    60A      0.077777    61A      0.087352  
      62A      0.089383    63A      0.095048    64A      0.102541  
      65A      0.106602    66A      0.111048    67A      0.112230  
      68A      0.114552    69A      0.117448    70A      0.121140  
      71A      0.125586    72A      0.127801    73A      0.129970  
      74A      0.135342    75A      0.136984    76A      0.138167  
      77A      0.140928    78A      0.147643    79A      0.148666  
      80A      0.153187    81A      0.158541    82A      0.163542  
      83A      0.167865    84A      0.171094    85A      0.175361  
      86A      0.177899    87A      0.184109    88A      0.191981  
      89A      0.200168    90A      0.203011    91A      0.208097  
      92A      0.215641    93A      0.220217    94A      0.224411  
      95A      0.228805    96A      0.232013    97A      0.240233  
      98A      0.244004    99A      0.249885   100A      0.257186  
     101A      0.260285   102A      0.262264   103A      0.272266  
     104A      0.274795   105A      0.276594   106A      0.284043  
     107A      0.288446   108A      0.297580   109A      0.303256  
     110A      0.305167   111A      0.309952   112A      0.316050  
     113A      0.322046   114A      0.327023   115A      0.330461  
     116A      0.336956   117A      0.342630   118A      0.346864  
     119A      0.350140   120A      0.354086   121A      0.361327  
     122A      0.367525   123A      0.374045   124A      0.383624  
     125A      0.385491   126A      0.388497   127A      0.391448  
     128A      0.399581   129A      0.404368   130A      0.408165  
     131A      0.411946   132A      0.414344   133A      0.421525  
     134A      0.430348   135A      0.434042   136A      0.441466  
     137A      0.454032   138A      0.457143   139A      0.459876  
     140A      0.466719   141A      0.470158   142A      0.475965  
     143A      0.480921   144A      0.484574   145A      0.487857  
     146A      0.490723   147A      0.500632   148A      0.508039  
     149A      0.512733   150A      0.515610   151A      0.520906  
     152A      0.522703   153A      0.526996   154A      0.535017  
     155A      0.542768   156A      0.543247   157A      0.552078  
     158A      0.557768   159A      0.558861   160A      0.564873  
     161A      0.569362   162A      0.573432   163A      0.584097  
     164A      0.588809   165A      0.597825   166A      0.602092  
     167A      0.610140   168A      0.614425   169A      0.618445  
     170A      0.626989   171A      0.633419   172A      0.637459  
     173A      0.646159   174A      0.646981   175A      0.652128  
     176A      0.665855   177A      0.670670   178A      0.678541  
     179A      0.680645   180A      0.686344   181A      0.691328  
     182A      0.702757   183A      0.706631   184A      0.714860  
     185A      0.718916   186A      0.724230   187A      0.735378  
     188A      0.745219   189A      0.749768   190A      0.763685  
     191A      0.776871   192A      0.779789   193A      0.784491  
     194A      0.796473   195A      0.807056   196A      0.811214  
     197A      0.816009   198A      0.830705   199A      0.832093  
     200A      0.835001   201A      0.849546   202A      0.859327  
     203A      0.865027   204A      0.869857   205A      0.886051  
     206A      0.893207   207A      0.907170   208A      0.910909  
     209A      0.916155   210A      0.934564   211A      0.942166  
     212A      0.948788   213A      0.962873   214A      0.973150  
     215A      0.982026   216A      0.987193   217A      0.994512  
     218A      1.006503   219A      1.019028   220A      1.030712  
     221A      1.035852   222A      1.044123   223A      1.056186  
     224A      1.077026   225A      1.079499   226A      1.094542  
     227A      1.102274   228A      1.116561   229A      1.128746  
     230A      1.145687   231A      1.152151   232A      1.157699  
     233A      1.174089   234A      1.176667   235A      1.190611  
     236A      1.197931   237A      1.224041   238A      1.249501  
     239A      1.257798   240A      1.264908   241A      1.288651  
     242A      1.303025   243A      1.304280   244A      1.334553  
     245A      1.346165   246A      1.362494   247A      1.367255  
     248A      1.384630   249A      1.405201   250A      1.416853  
     251A      1.431095   252A      1.451361   253A      1.461046  
     254A      1.478509   255A      1.483833   256A      1.504979  
     257A      1.519485   258A      1.523133   259A      1.535699  
     260A      1.565648   261A      1.578836   262A      1.588750  
     263A      1.603901   264A      1.605733   265A      1.620473  
     266A      1.643354   267A      1.659868   268A      1.665523  
     269A      1.668789   270A      1.679021   271A      1.687151  
     272A      1.702085   273A      1.711233   274A      1.714172  
     275A      1.721952   276A      1.735914   277A      1.754051  
     278A      1.759492   279A      1.777669   280A      1.802185  
     281A      1.818894   282A      1.822177   283A      1.836997  
     284A      1.862151   285A      1.866869   286A      1.872917  
     287A      1.880338   288A      1.885771   289A      1.898493  
     290A      1.924947   291A      1.931671   292A      1.942437  
     293A      1.952878   294A      1.965477   295A      1.978648  
     296A      1.993585   297A      2.006122   298A      2.019184  
     299A      2.026884   300A      2.041974   301A      2.044079  
     302A      2.052552   303A      2.068314   304A      2.083325  
     305A      2.100293   306A      2.106999   307A      2.111120  
     308A      2.135154   309A      2.138631   310A      2.159936  
     311A      2.163783   312A      2.184930   313A      2.211041  
     314A      2.221469   315A      2.228174   316A      2.236587  
     317A      2.259627   318A      2.277023   319A      2.292517  
     320A      2.304833   321A      2.308537   322A      2.331000  
     323A      2.351392   324A      2.363910   325A      2.373600  
     326A      2.392187   327A      2.403356   328A      2.407655  
     329A      2.414933   330A      2.441035   331A      2.450450  
     332A      2.479102   333A      2.483630   334A      2.494493  
     335A      2.531914   336A      2.543499   337A      2.556757  
     338A      2.571329   339A      2.578172   340A      2.596537  
     341A      2.606007   342A      2.620804   343A      2.637071  
     344A      2.647362   345A      2.663542   346A      2.673132  
     347A      2.699501   348A      2.710171   349A      2.737350  
     350A      2.750332   351A      2.769364   352A      2.779589  
     353A      2.813319   354A      2.830949   355A      2.839800  
     356A      2.872441   357A      2.901738   358A      2.971242  
     359A      2.999252   360A      3.101013   361A      3.136342  
     362A      3.188594   363A      3.218205   364A      3.242718  
     365A      3.317673   366A      3.375521   367A      3.456416  
     368A      3.462057   369A      3.473528   370A      3.491905  
     371A      3.537892   372A      3.591181   373A      3.620895  
     374A      3.668928   375A      3.687589   376A      3.713654  
     377A      3.743527   378A      3.862385   379A      3.961571  

    Final Occupation by Irrep:
              A 
    DOCC [    43 ]

  @DF-RKS Final Energy:  -535.89850083755755

   => Energetics <=

    Nuclear Repulsion Energy =            680.0280810144794259
    One-Electron Energy =               -2076.3837661887087052
    Two-Electron Energy =                 915.6736270514362559
    DFT Exchange-Correlation Energy =     -55.1992033864626350
    Empirical Dispersion Energy =           0.0000000000000000
    VV10 Nonlocal Energy =                  0.0000000000000000
    PCM Polarization Energy =              -0.0172393283019806
    Total Energy =                       -535.8985008375575489

Computation Completed


Properties will be evaluated at   0.000000,   0.000000,   0.000000 [a0]

Properties computed using the PW6B95 density matrix

  Nuclear Dipole Moment: [e a0]
     X:   363.9267      Y:   117.1608      Z:   -35.3674

  Electronic Dipole Moment: [e a0]
     X:  -361.3872      Y:  -118.0498      Z:    34.2907

  Dipole Moment: [e a0]
     X:     2.5395      Y:    -0.8890      Z:    -1.0767     Total:     2.8980

  Dipole Moment: [D]
     X:     6.4547      Y:    -2.2596      Z:    -2.7367     Total:     7.3661


 Electrostatic potential computed on the grid and written to grid_esp.dat

*** tstop() called on gavle at Sun Jul 25 06:49:10 2021
Module time:
	user time   =     763.44 seconds =      12.72 minutes
	system time =       2.94 seconds =       0.05 minutes
	total time  =        767 seconds =      12.78 minutes
Total time:
	user time   =     763.44 seconds =      12.72 minutes
	system time =       2.94 seconds =       0.05 minutes
	total time  =        767 seconds =      12.78 minutes

    Psi4 stopped on: Sunday, 25 July 2021 06:49AM
    Psi4 wall time for execution: 0:12:46.98

*** Psi4 exiting successfully. Buy a developer a beer!
