
    -----------------------------------------------------------------------
          Psi4: An Open-Source Ab Initio Electronic Structure Package
                               Psi4 1.3.2 release

                         Git: Rev {HEAD} ecbda83 


    R. M. Parrish, L. A. Burns, D. G. A. Smith, A. C. Simmonett,
    A. E. DePrince III, E. G. Hohenstein, U. Bozkaya, A. Yu. Sokolov,
    R. Di Remigio, R. M. Richard, J. F. Gonthier, A. M. James,
    H. R. McAlexander, A. Kumar, M. Saitow, X. Wang, B. P. Pritchard,
    P. Verma, H. F. Schaefer III, K. Patkowski, R. A. King, E. F. Valeev,
    F. A. Evangelista, J. M. Turney, T. D. Crawford, and C. D. Sherrill,
    J. Chem. Theory Comput. 13(7) pp 3185--3197 (2017).
    (doi: 10.1021/acs.jctc.7b00174)


                         Additional Contributions by
    P. Kraus, H. Kruse, M. H. Lechner, M. C. Schieber, R. A. Shaw,
    A. Alenaizan, R. Galvelis, Z. L. Glick, S. Lehtola, and J. P. Misiewicz

    -----------------------------------------------------------------------


    Psi4 started on: Sunday, 25 July 2021 07:14AM

    Process ID: 1658657
    Host:       gavle
    PSIDATADIR: /store/opt/anaconda3/envs/psiresp/share/psi4
    Memory:     500.0 MiB
    Threads:    1
    
  ==> Input File <==

--------------------------------------------------------------------------
memory 500MB
molecule nme2ala2_solvated_c002_o001 {
    units Angstrom
    no_com
    no_reorient
    0 1
        C               -0.866941414713151     1.242512543333342     0.028964620915907
    H               -0.325220606635015     2.152578775899192    -0.197498622462339
    H               -1.674697164247192     1.115799429208967    -0.679697315819569
    H               -1.304794044998580     1.332920963995728     1.017152158724206
    C                0.000000000000000     0.000000000000000     0.000000000000000
    O               -0.495695269843494    -1.098496965195660     0.000475117581210
    N                1.328102811648120     0.227873903066209    -0.004692796948872
    H                1.665832311926854     1.164492871320231    -0.002981441877513
    C                2.366957793055122    -0.789948723337078     0.001655336823661
    C                2.279192701908523    -1.659882830301294    -1.264910643092173
    H                1.311999744760872    -2.138667219467393    -1.304444025617262
    H                2.402924666982385    -1.049039735645081    -2.152672555285269
    H                3.041707422083729    -2.431461412397333    -1.272927601864623
    C                2.277668303012445    -1.648175614906690     1.276153380046849
    H                3.041619104182105    -2.418139675282090     1.293004016205337
    H                2.398701590801044    -1.028888267509833     2.158479732569885
    H                1.311181867818253    -2.128274379918385     1.318147846736013
    C                3.692012093087143    -0.000000000000004    -0.000000000000001
    O                3.713718766150518     1.205233438505370     0.000000000000003
    N                4.824255094756646    -0.723972739194557    -0.000316334498366
    H                4.777919812590721    -1.714393747548756    -0.001782434106019
    C                6.125184871378278    -0.086496489433692    -0.001463141708971
    H                6.251819971692666     0.532183610240548    -0.880362228195818
    H                6.251412860634851     0.535413917283135     0.875163548036592
    H                6.884035043184709    -0.857004590739040     0.000145052829450


}

set basis aug-cc-pV(D+d)Z

set {
    pcm true
    pcm_scf_type total
}

pcm = {
    Units = Angstrom
    Medium {
        SolverType = CPCM
        Solvent = water
    }

    Cavity {
        RadiiSet = bondi # Bondi | UFF | Allinger
        Type = GePol
        Scaling = True # radii for spheres scaled by 1.2
        Area = 0.3
        Mode = Implicit
    }
}

E, wfn = prop('pw6b95', properties=['GRID_ESP'], return_wfn=True)
esp = wfn.oeprop.Vvals()
--------------------------------------------------------------------------

  Memory set to 476.837 MiB by Python driver.

*** tstart() called on gavle
*** at Sun Jul 25 07:14:46 2021

   => Loading Basis Set <=

    Name: AUG-CC-PV(D+D)Z
    Role: ORBITAL
    Keyword: BASIS
    atoms 1, 5, 9-10, 14, 18, 22          entry C          line   198 file /store/opt/anaconda3/envs/psiresp/share/psi4/basis/aug-cc-pv_dpd_z.gbs 
    atoms 2-4, 8, 11-13, 15-17, 21, 23-25 entry H          line    56 file /store/opt/anaconda3/envs/psiresp/share/psi4/basis/aug-cc-pv_dpd_z.gbs 
    atoms 6, 19                           entry O          line   270 file /store/opt/anaconda3/envs/psiresp/share/psi4/basis/aug-cc-pv_dpd_z.gbs 
    atoms 7, 20                           entry N          line   234 file /store/opt/anaconda3/envs/psiresp/share/psi4/basis/aug-cc-pv_dpd_z.gbs 


         ---------------------------------------------------------
                                   SCF
               by Justin Turney, Rob Parrish, Andy Simmonett
                          and Daniel G. A. Smith
                              RKS Reference
                        1 Threads,    476 MiB Core
         ---------------------------------------------------------

  ==> Geometry <==

    Molecular point group: c1
    Full point group: C1

    Geometry (in Angstrom), charge = 0, multiplicity = 1:

       Center              X                  Y                   Z               Mass       
    ------------   -----------------  -----------------  -----------------  -----------------
         C           -0.866941414713     1.242512543333     0.028964620916    12.000000000000
         H           -0.325220606635     2.152578775899    -0.197498622462     1.007825032230
         H           -1.674697164247     1.115799429209    -0.679697315820     1.007825032230
         H           -1.304794044999     1.332920963996     1.017152158724     1.007825032230
         C            0.000000000000     0.000000000000     0.000000000000    12.000000000000
         O           -0.495695269843    -1.098496965196     0.000475117581    15.994914619570
         N            1.328102811648     0.227873903066    -0.004692796949    14.003074004430
         H            1.665832311927     1.164492871320    -0.002981441878     1.007825032230
         C            2.366957793055    -0.789948723337     0.001655336824    12.000000000000
         C            2.279192701909    -1.659882830301    -1.264910643092    12.000000000000
         H            1.311999744761    -2.138667219467    -1.304444025617     1.007825032230
         H            2.402924666982    -1.049039735645    -2.152672555285     1.007825032230
         H            3.041707422084    -2.431461412397    -1.272927601865     1.007825032230
         C            2.277668303012    -1.648175614907     1.276153380047    12.000000000000
         H            3.041619104182    -2.418139675282     1.293004016205     1.007825032230
         H            2.398701590801    -1.028888267510     2.158479732570     1.007825032230
         H            1.311181867818    -2.128274379918     1.318147846736     1.007825032230
         C            3.692012093087    -0.000000000000    -0.000000000000    12.000000000000
         O            3.713718766151     1.205233438505     0.000000000000    15.994914619570
         N            4.824255094757    -0.723972739195    -0.000316334498    14.003074004430
         H            4.777919812591    -1.714393747549    -0.001782434106     1.007825032230
         C            6.125184871378    -0.086496489434    -0.001463141709    12.000000000000
         H            6.251819971693     0.532183610241    -0.880362228196     1.007825032230
         H            6.251412860635     0.535413917283     0.875163548037     1.007825032230
         H            6.884035043185    -0.857004590739     0.000145052829     1.007825032230

  Running in c1 symmetry.

  Rotational constants: A =      0.07505  B =      0.01021  C =      0.00958 [cm^-1]
  Rotational constants: A =   2249.93639  B =    306.14409  C =    287.24433 [MHz]
  Nuclear repulsion =  667.373983404715318

  Charge       = 0
  Multiplicity = 1
  Electrons    = 86
  Nalpha       = 43
  Nbeta        = 43

  ==> Algorithm <==

  SCF Algorithm Type is DF.
  DIIS enabled.
  MOM disabled.
  Fractional occupation disabled.
  Guess Type is SAD.
  Energy threshold   = 1.00e-06
  Density threshold  = 1.00e-06
  Integral threshold = 0.00e+00

  ==> Primary Basis <==

  Basis Set: AUG-CC-PV(D+D)Z
    Blend: AUG-CC-PV(D+D)Z
    Number of shells: 169
    Number of basis function: 379
    Number of Cartesian functions: 401
    Spherical Harmonics?: true
    Max angular momentum: 2

  ==> DFT Potential <==

   => Composite Functional: PW6B95 <= 

    PW6B95 Hybrid Meta-GGA XC Functional

    Y. Zhao and D. Truhlar, J. Phys. Chem. A., 109,5656-5667, 2005


    Deriv               =              1
    GGA                 =           TRUE
    Meta                =           TRUE

    Exchange Hybrid     =           TRUE
    MP2 Hybrid          =          FALSE

   => Exchange Functionals <=

    0.7200    XC_GGA_X_PW91

   => Exact (HF) Exchange <=

    0.2800               HF 

   => Correlation Functionals <=

    1.0000   XC_MGGA_C_BC95

   => Molecular Quadrature <=

    Radial Scheme          =       TREUTLER
    Pruning Scheme         =           FLAT
    Nuclear Scheme         =       TREUTLER

    BS radius alpha        =              1
    Pruning alpha          =              1
    Radial Points          =             75
    Spherical Points       =            302
    Total Points           =         566250
    Total Blocks           =           4185
    Max Points             =            256
    Max Functions          =            368

   => Loading Basis Set <=

    Name: (AUG-CC-PV(D+D)Z AUX)
    Role: JKFIT
    Keyword: DF_BASIS_SCF
    atoms 1, 5, 9-10, 14, 18, 22          entry C          line   154 file /store/opt/anaconda3/envs/psiresp/share/psi4/basis/aug-cc-pvdz-jkfit.gbs 
    atoms 2-4, 8, 11-13, 15-17, 21, 23-25 entry H          line    70 file /store/opt/anaconda3/envs/psiresp/share/psi4/basis/aug-cc-pvdz-jkfit.gbs 
    atoms 6, 19                           entry O          line   270 file /store/opt/anaconda3/envs/psiresp/share/psi4/basis/aug-cc-pvdz-jkfit.gbs 
    atoms 7, 20                           entry N          line   212 file /store/opt/anaconda3/envs/psiresp/share/psi4/basis/aug-cc-pvdz-jkfit.gbs 

  **PSI4:PCMSOLVER Interface Active**

-----------------------------------------------------------------------
   PCMSolver: An Open Source API for the Polarizable Continuum Model
                   PCMSolver 1.2.1+fa7c826

           Git: Branch {HEAD}, Revision {fa7c826}

 R. Di Remigio, A. H. Steindal, K. Mozgawa, V. Weijo, H. Cao, and
 L. Frediani, Int. J. Quantum Chem., to be submitted

 Source repository: https://github.com/PCMSolver/pcmsolver
 Documentation: https://pcmsolver.readthedocs.io/
 PCMSolver initialized on: Sunday, 25 July 2021 07:14 AM
-----------------------------------------------------------------------

~~~~~~~~~~ PCMSolver ~~~~~~~~~~
Using CODATA 2010 set of constants.
Input parsing done API-side
========== Cavity 
Atomic radii set: 
Cavity type: GePol
Average tesserae area = 0.3 Ang^2
Solvent probe radius = 1.385 Ang
Number of spheres = 25 [initial = 25; added = 0]
Number of finite elements = 1182
Number of irreducible finite elements = 1182
============ Spheres list (in Angstrom)
 Sphere   on   Radius   Alpha       X            Y            Z     
-------- ---- -------- ------- -----------  -----------  -----------
   1      C    1.7000   1.20     -0.866941     1.242513     0.028965
   2      H    1.2000   1.20     -0.325221     2.152579     -0.197499
   3      H    1.2000   1.20     -1.674697     1.115799     -0.679697
   4      H    1.2000   1.20     -1.304794     1.332921     1.017152
   5      C    1.7000   1.20     0.000000     0.000000     0.000000
   6      O    1.5200   1.20     -0.495695     -1.098497     0.000475
   7      N    1.5500   1.20     1.328103     0.227874     -0.004693
   8      H    1.2000   1.20     1.665832     1.164493     -0.002981
   9      C    1.7000   1.20     2.366958     -0.789949     0.001655
  10      C    1.7000   1.20     2.279193     -1.659883     -1.264911
  11      H    1.2000   1.20     1.312000     -2.138667     -1.304444
  12      H    1.2000   1.20     2.402925     -1.049040     -2.152673
  13      H    1.2000   1.20     3.041707     -2.431461     -1.272928
  14      C    1.7000   1.20     2.277668     -1.648176     1.276153
  15      H    1.2000   1.20     3.041619     -2.418140     1.293004
  16      H    1.2000   1.20     2.398702     -1.028888     2.158480
  17      H    1.2000   1.20     1.311182     -2.128274     1.318148
  18      C    1.7000   1.20     3.692012     -0.000000     -0.000000
  19      O    1.5200   1.20     3.713719     1.205233     0.000000
  20      N    1.5500   1.20     4.824255     -0.723973     -0.000316
  21      H    1.2000   1.20     4.777920     -1.714394     -0.001782
  22      C    1.7000   1.20     6.125185     -0.086496     -0.001463
  23      H    1.2000   1.20     6.251820     0.532184     -0.880362
  24      H    1.2000   1.20     6.251413     0.535414     0.875164
  25      H    1.2000   1.20     6.884035     -0.857005     0.000145
========== Static solver 
Solver Type: C-PCM
PCM matrix hermitivitized
Correction = 0.00
============ Medium 
Medium initialized from solvent built-in data.
Solvent name:          Water
Static  permittivity = 78.39
Optical permittivity = 1.78
Solvent radius =       1.39 Ang
.... Inside 
Green's function type: vacuum
.... Outside 
Green's function type: uniform dielectric
Permittivity = 78.39

  PCM does not make use of molecular symmetry: further calculations in C1 point group.
  ==> Pre-Iterations <==

   -------------------------------------------------------
    Irrep   Nso     Nmo     Nalpha   Nbeta   Ndocc  Nsocc
   -------------------------------------------------------
     A        379     379       0       0       0       0
   -------------------------------------------------------
    Total     379     379      43      43      43       0
   -------------------------------------------------------

  ==> Integral Setup <==

  ==> DiskDFJK: Density-Fitted J/K Matrices <==

    J tasked:                  Yes
    K tasked:                  Yes
    wK tasked:                  No
    OpenMP threads:              1
    Integrals threads:           1
    Memory [MiB]:              321
    Algorithm:                Disk
    Integral Cache:           NONE
    Schwarz Cutoff:          1E-12
    Fitting Condition:       1E-10

   => Auxiliary Basis Set <=

  Basis Set: (AUG-CC-PV(D+D)Z AUX)
    Blend: AUG-CC-PVDZ-JKFIT
    Number of shells: 476
    Number of basis function: 1394
    Number of Cartesian functions: 1601
    Spherical Harmonics?: true
    Max angular momentum: 3

  Cached 0.3% of DFT collocation blocks in 0.043 [GiB].

  Minimum eigenvalue in the overlap matrix is 2.1651230004E-06.
  Using Symmetric Orthogonalization.

  SCF Guess: Superposition of Atomic Densities via on-the-fly atomic UHF.

  ==> Iterations <==

                           Total Energy        Delta E     RMS |[F,P]|

   @DF-RKS iter SAD:  -535.12650189244243   -5.35127e+02   0.00000e+00 
   @DF-RKS iter   1:  -534.96736036467280    1.59142e-01   3.66921e-03 DIIS
   @DF-RKS iter   2:  -534.75488657631695    2.12474e-01   4.02158e-03 DIIS
   @DF-RKS iter   3:  -535.88413699977536   -1.12925e+00   5.10988e-04 DIIS
   @DF-RKS iter   4:  -535.89593477682683   -1.17978e-02   2.31137e-04 DIIS
   @DF-RKS iter   5:  -535.89879346316195   -2.85869e-03   8.05356e-05 DIIS
   @DF-RKS iter   6:  -535.89916180718137   -3.68344e-04   1.76152e-05 DIIS
   @DF-RKS iter   7:  -535.89917896082147   -1.71536e-05   5.21602e-06 DIIS
   @DF-RKS iter   8:  -535.89918029334717   -1.33253e-06   2.10571e-06 DIIS
   @DF-RKS iter   9:  -535.89918050499671   -2.11650e-07   6.77703e-07 DIIS
  Energy and wave function converged.


  ==> Post-Iterations <==

    Orbital Energies [Eh]
    ---------------------

    Doubly Occupied:                                                      

       1A    -19.295661     2A    -19.285238     3A    -14.510211  
       4A    -14.495584     5A    -10.412767     6A    -10.409856  
       7A    -10.368286     8A    -10.342745     9A    -10.302027  
      10A    -10.300773    11A    -10.296892    12A     -1.099865  
      13A     -1.086607    14A     -0.967578    15A     -0.962915  
      16A     -0.827926    17A     -0.756805    18A     -0.739840  
      19A     -0.723961    20A     -0.669258    21A     -0.625833  
      22A     -0.582363    23A     -0.567937    24A     -0.505680  
      25A     -0.492585    26A     -0.490535    27A     -0.479656  
      28A     -0.477410    29A     -0.452614    30A     -0.448662  
      31A     -0.441244    32A     -0.424525    33A     -0.420592  
      34A     -0.418346    35A     -0.403005    36A     -0.397467  
      37A     -0.382938    38A     -0.381672    39A     -0.366480  
      40A     -0.290279    41A     -0.289492    42A     -0.279562  
      43A     -0.276139  

    Virtual:                                                              

      44A     -0.011189    45A      0.003695    46A      0.010004  
      47A      0.011742    48A      0.022687    49A      0.024706  
      50A      0.027036    51A      0.029079    52A      0.040344  
      53A      0.041280    54A      0.043143    55A      0.048941  
      56A      0.051032    57A      0.060989    58A      0.063028  
      59A      0.067776    60A      0.076941    61A      0.080682  
      62A      0.090767    63A      0.096704    64A      0.097550  
      65A      0.100511    66A      0.103126    67A      0.108346  
      68A      0.109732    69A      0.111099    70A      0.118085  
      71A      0.121595    72A      0.124039    73A      0.126818  
      74A      0.131534    75A      0.136840    76A      0.140134  
      77A      0.144858    78A      0.148748    79A      0.149754  
      80A      0.153025    81A      0.157869    82A      0.161176  
      83A      0.162883    84A      0.171517    85A      0.173764  
      86A      0.175726    87A      0.180548    88A      0.184567  
      89A      0.190786    90A      0.194353    91A      0.200520  
      92A      0.208137    93A      0.209901    94A      0.226461  
      95A      0.229632    96A      0.233738    97A      0.235292  
      98A      0.238109    99A      0.244762   100A      0.248414  
     101A      0.254816   102A      0.261238   103A      0.266864  
     104A      0.270406   105A      0.280416   106A      0.282983  
     107A      0.286468   108A      0.291928   109A      0.294634  
     110A      0.301103   111A      0.308678   112A      0.311541  
     113A      0.313332   114A      0.320976   115A      0.324600  
     116A      0.329183   117A      0.340278   118A      0.347621  
     119A      0.352422   120A      0.355790   121A      0.359385  
     122A      0.360577   123A      0.368030   124A      0.372447  
     125A      0.377614   126A      0.383798   127A      0.387603  
     128A      0.389987   129A      0.397484   130A      0.405295  
     131A      0.408648   132A      0.409879   133A      0.411991  
     134A      0.418692   135A      0.427332   136A      0.437783  
     137A      0.439839   138A      0.446867   139A      0.456943  
     140A      0.460661   141A      0.463349   142A      0.469112  
     143A      0.475977   144A      0.478535   145A      0.487564  
     146A      0.494728   147A      0.500488   148A      0.503322  
     149A      0.506979   150A      0.511161   151A      0.513961  
     152A      0.517447   153A      0.519582   154A      0.526054  
     155A      0.531076   156A      0.543724   157A      0.545401  
     158A      0.555402   159A      0.558822   160A      0.564866  
     161A      0.567891   162A      0.576935   163A      0.580800  
     164A      0.581631   165A      0.592264   166A      0.598651  
     167A      0.603643   168A      0.615758   169A      0.625769  
     170A      0.629077   171A      0.633450   172A      0.638296  
     173A      0.643983   174A      0.652880   175A      0.660421  
     176A      0.664719   177A      0.668236   178A      0.674440  
     179A      0.678965   180A      0.682779   181A      0.687646  
     182A      0.704016   183A      0.708225   184A      0.720183  
     185A      0.725000   186A      0.735547   187A      0.736907  
     188A      0.745703   189A      0.757834   190A      0.759074  
     191A      0.765478   192A      0.770838   193A      0.776676  
     194A      0.780622   195A      0.784975   196A      0.793043  
     197A      0.806058   198A      0.825017   199A      0.832546  
     200A      0.842744   201A      0.846931   202A      0.849366  
     203A      0.853283   204A      0.862234   205A      0.882376  
     206A      0.890943   207A      0.904405   208A      0.913381  
     209A      0.925417   210A      0.930560   211A      0.931710  
     212A      0.949136   213A      0.964077   214A      0.970789  
     215A      0.975119   216A      0.987109   217A      0.990537  
     218A      1.000825   219A      1.007347   220A      1.019594  
     221A      1.025543   222A      1.028777   223A      1.049673  
     224A      1.055801   225A      1.064657   226A      1.082156  
     227A      1.100388   228A      1.104709   229A      1.117114  
     230A      1.139435   231A      1.142365   232A      1.151713  
     233A      1.153011   234A      1.160262   235A      1.175389  
     236A      1.191306   237A      1.197256   238A      1.235052  
     239A      1.239161   240A      1.258099   241A      1.280305  
     242A      1.300721   243A      1.314177   244A      1.326718  
     245A      1.339643   246A      1.345599   247A      1.363557  
     248A      1.380823   249A      1.384380   250A      1.398898  
     251A      1.439596   252A      1.454964   253A      1.467786  
     254A      1.476398   255A      1.485253   256A      1.501359  
     257A      1.519956   258A      1.545381   259A      1.549851  
     260A      1.561801   261A      1.565532   262A      1.581611  
     263A      1.601461   264A      1.616904   265A      1.620084  
     266A      1.629950   267A      1.642223   268A      1.655532  
     269A      1.662130   270A      1.667410   271A      1.674576  
     272A      1.697267   273A      1.704827   274A      1.721794  
     275A      1.737551   276A      1.752435   277A      1.760674  
     278A      1.764824   279A      1.789274   280A      1.795501  
     281A      1.809917   282A      1.820920   283A      1.833619  
     284A      1.842461   285A      1.844041   286A      1.860224  
     287A      1.870085   288A      1.881503   289A      1.885996  
     290A      1.894104   291A      1.919785   292A      1.922592  
     293A      1.936821   294A      1.941482   295A      1.962642  
     296A      1.967165   297A      1.984670   298A      2.009940  
     299A      2.020052   300A      2.033891   301A      2.037785  
     302A      2.046705   303A      2.048506   304A      2.075530  
     305A      2.077662   306A      2.084606   307A      2.089510  
     308A      2.126951   309A      2.130683   310A      2.153436  
     311A      2.165779   312A      2.191518   313A      2.196687  
     314A      2.215520   315A      2.219172   316A      2.232071  
     317A      2.241413   318A      2.256015   319A      2.266600  
     320A      2.270763   321A      2.286356   322A      2.322343  
     323A      2.337731   324A      2.357081   325A      2.367582  
     326A      2.374368   327A      2.388793   328A      2.421293  
     329A      2.428259   330A      2.430173   331A      2.445537  
     332A      2.469232   333A      2.482636   334A      2.486875  
     335A      2.505739   336A      2.529060   337A      2.540849  
     338A      2.559520   339A      2.578466   340A      2.583173  
     341A      2.600010   342A      2.609717   343A      2.612907  
     344A      2.626897   345A      2.642672   346A      2.658766  
     347A      2.678396   348A      2.683202   349A      2.708782  
     350A      2.716861   351A      2.739685   352A      2.768435  
     353A      2.809399   354A      2.840936   355A      2.845561  
     356A      2.913429   357A      2.926316   358A      2.953511  
     359A      2.980816   360A      3.049665   361A      3.081984  
     362A      3.178563   363A      3.191386   364A      3.240877  
     365A      3.297313   366A      3.370014   367A      3.424999  
     368A      3.453928   369A      3.485368   370A      3.497842  
     371A      3.534704   372A      3.570959   373A      3.641281  
     374A      3.662170   375A      3.731092   376A      3.788533  
     377A      3.817806   378A      3.909928   379A      4.219504  

    Final Occupation by Irrep:
              A 
    DOCC [    43 ]

  @DF-RKS Final Energy:  -535.89918050499671

   => Energetics <=

    Nuclear Repulsion Energy =            667.3739834047153181
    One-Electron Energy =               -2050.8440890944602870
    Two-Electron Energy =                 902.7888454826403404
    DFT Exchange-Correlation Energy =     -55.2054828492211200
    Empirical Dispersion Energy =           0.0000000000000000
    VV10 Nonlocal Energy =                  0.0000000000000000
    PCM Polarization Energy =              -0.0124374486709818
    Total Energy =                       -535.8991805049967070

Computation Completed


Properties will be evaluated at   0.000000,   0.000000,   0.000000 [a0]

Properties computed using the PW6B95 density matrix

  Nuclear Dipole Moment: [e a0]
     X:   378.1145      Y:   -51.4066      Z:     0.7197

  Electronic Dipole Moment: [e a0]
     X:  -376.3077      Y:    51.2199      Z:    -0.7578

  Dipole Moment: [e a0]
     X:     1.8068      Y:    -0.1867      Z:    -0.0381     Total:     1.8168

  Dipole Moment: [D]
     X:     4.5925      Y:    -0.4745      Z:    -0.0968     Total:     4.6180


 Electrostatic potential computed on the grid and written to grid_esp.dat

*** tstop() called on gavle at Sun Jul 25 07:27:42 2021
Module time:
	user time   =     773.05 seconds =      12.88 minutes
	system time =       2.97 seconds =       0.05 minutes
	total time  =        776 seconds =      12.93 minutes
Total time:
	user time   =     773.05 seconds =      12.88 minutes
	system time =       2.97 seconds =       0.05 minutes
	total time  =        776 seconds =      12.93 minutes

    Psi4 stopped on: Sunday, 25 July 2021 07:27AM
    Psi4 wall time for execution: 0:12:56.40

*** Psi4 exiting successfully. Buy a developer a beer!
