
    -----------------------------------------------------------------------
          Psi4: An Open-Source Ab Initio Electronic Structure Package
                               Psi4 1.3.2 release

                         Git: Rev {HEAD} ecbda83 


    R. M. Parrish, L. A. Burns, D. G. A. Smith, A. C. Simmonett,
    A. E. DePrince III, E. G. Hohenstein, U. Bozkaya, A. Yu. Sokolov,
    R. Di Remigio, R. M. Richard, J. F. Gonthier, A. M. James,
    H. R. McAlexander, A. Kumar, M. Saitow, X. Wang, B. P. Pritchard,
    P. Verma, H. F. Schaefer III, K. Patkowski, R. A. King, E. F. Valeev,
    F. A. Evangelista, J. M. Turney, T. D. Crawford, and C. D. Sherrill,
    J. Chem. Theory Comput. 13(7) pp 3185--3197 (2017).
    (doi: 10.1021/acs.jctc.7b00174)


                         Additional Contributions by
    P. Kraus, H. Kruse, M. H. Lechner, M. C. Schieber, R. A. Shaw,
    A. Alenaizan, R. Galvelis, Z. L. Glick, S. Lehtola, and J. P. Misiewicz

    -----------------------------------------------------------------------


    Psi4 started on: Sunday, 25 July 2021 06:49AM

    Process ID: 1654589
    Host:       gavle
    PSIDATADIR: /store/opt/anaconda3/envs/psiresp/share/psi4
    Memory:     500.0 MiB
    Threads:    1
    
  ==> Input File <==

--------------------------------------------------------------------------
memory 500MB
molecule nme2ala2_solvated_c001_o003 {
    units Angstrom
    no_com
    no_reorient
    0 1
        C               -1.530133404282706     0.930873932266480    -1.567548897941957
    H               -1.504342982557704     1.862972015202294    -2.121171879181126
    H               -1.912671799445602     0.156365681089915    -2.225637853388635
    H               -2.198414288243336     1.025674081557296    -0.724224083613571
    C               -0.160602441435619     0.523907688764714    -1.065717207641396
    O                0.000000000000000     0.000000000000000     0.000000000000000
    N                0.873345290857530     0.809617021894686    -1.906839384241709
    H                0.630041221735708     1.128609191854505    -2.818072478500937
    C                2.214125783604806     0.229749940229766    -1.774403286059382
    C                3.056629107763165     0.785244870807114    -2.933264584577150
    H                2.651194947458969     0.456896143820011    -3.886313485636758
    H                3.077993635760005     1.869496756566935    -2.918325236979240
    H                4.072628849334538     0.420873718015060    -2.855804460376218
    C                2.172930263693027    -1.300364111902515    -1.842740786439377
    H                3.173723308061328    -1.703926443215756    -1.790209665810481
    H                1.598249797773746    -1.709386687929769    -1.024275671617144
    H                1.718003002269836    -1.605719014197882    -2.780680469257018
    C                2.911947335836859     0.675434416397956    -0.475650018158704
    O                3.783204726464049     0.000000000000001     0.000000000000001
    N                2.593188186940523     1.897216954449404     0.000000000000001
    H                1.739650054191671     2.297958451142171    -0.308545455717012
    C                3.138702633073409     2.356269231854675     1.259648639876972
    H                2.736348136731360     1.801466351720711     2.100541830580164
    H                4.212205269099858     2.240205680817570     1.254475295204635
    H                2.898716472182623     3.404937796341490     1.379665483845766


}

set basis aug-cc-pV(D+d)Z

set {
    pcm true
    pcm_scf_type total
}

pcm = {
    Units = Angstrom
    Medium {
        SolverType = CPCM
        Solvent = water
    }

    Cavity {
        RadiiSet = bondi # Bondi | UFF | Allinger
        Type = GePol
        Scaling = True # radii for spheres scaled by 1.2
        Area = 0.3
        Mode = Implicit
    }
}

E, wfn = prop('pw6b95', properties=['GRID_ESP'], return_wfn=True)
esp = wfn.oeprop.Vvals()
--------------------------------------------------------------------------

  Memory set to 476.837 MiB by Python driver.

*** tstart() called on gavle
*** at Sun Jul 25 06:49:11 2021

   => Loading Basis Set <=

    Name: AUG-CC-PV(D+D)Z
    Role: ORBITAL
    Keyword: BASIS
    atoms 1, 5, 9-10, 14, 18, 22          entry C          line   198 file /store/opt/anaconda3/envs/psiresp/share/psi4/basis/aug-cc-pv_dpd_z.gbs 
    atoms 2-4, 8, 11-13, 15-17, 21, 23-25 entry H          line    56 file /store/opt/anaconda3/envs/psiresp/share/psi4/basis/aug-cc-pv_dpd_z.gbs 
    atoms 6, 19                           entry O          line   270 file /store/opt/anaconda3/envs/psiresp/share/psi4/basis/aug-cc-pv_dpd_z.gbs 
    atoms 7, 20                           entry N          line   234 file /store/opt/anaconda3/envs/psiresp/share/psi4/basis/aug-cc-pv_dpd_z.gbs 


         ---------------------------------------------------------
                                   SCF
               by Justin Turney, Rob Parrish, Andy Simmonett
                          and Daniel G. A. Smith
                              RKS Reference
                        1 Threads,    476 MiB Core
         ---------------------------------------------------------

  ==> Geometry <==

    Molecular point group: c1
    Full point group: C1

    Geometry (in Angstrom), charge = 0, multiplicity = 1:

       Center              X                  Y                   Z               Mass       
    ------------   -----------------  -----------------  -----------------  -----------------
         C           -1.530133404283     0.930873932266    -1.567548897942    12.000000000000
         H           -1.504342982558     1.862972015202    -2.121171879181     1.007825032230
         H           -1.912671799446     0.156365681090    -2.225637853389     1.007825032230
         H           -2.198414288243     1.025674081557    -0.724224083614     1.007825032230
         C           -0.160602441436     0.523907688765    -1.065717207641    12.000000000000
         O            0.000000000000     0.000000000000     0.000000000000    15.994914619570
         N            0.873345290858     0.809617021895    -1.906839384242    14.003074004430
         H            0.630041221736     1.128609191855    -2.818072478501     1.007825032230
         C            2.214125783605     0.229749940230    -1.774403286059    12.000000000000
         C            3.056629107763     0.785244870807    -2.933264584577    12.000000000000
         H            2.651194947459     0.456896143820    -3.886313485637     1.007825032230
         H            3.077993635760     1.869496756567    -2.918325236979     1.007825032230
         H            4.072628849335     0.420873718015    -2.855804460376     1.007825032230
         C            2.172930263693    -1.300364111903    -1.842740786439    12.000000000000
         H            3.173723308061    -1.703926443216    -1.790209665810     1.007825032230
         H            1.598249797774    -1.709386687930    -1.024275671617     1.007825032230
         H            1.718003002270    -1.605719014198    -2.780680469257     1.007825032230
         C            2.911947335837     0.675434416398    -0.475650018159    12.000000000000
         O            3.783204726464     0.000000000000     0.000000000000    15.994914619570
         N            2.593188186941     1.897216954449     0.000000000000    14.003074004430
         H            1.739650054192     2.297958451142    -0.308545455717     1.007825032230
         C            3.138702633073     2.356269231855     1.259648639877    12.000000000000
         H            2.736348136731     1.801466351721     2.100541830580     1.007825032230
         H            4.212205269100     2.240205680818     1.254475295205     1.007825032230
         H            2.898716472183     3.404937796341     1.379665483846     1.007825032230

  Running in c1 symmetry.

  Rotational constants: A =      0.03504  B =      0.01441  C =      0.01265 [cm^-1]
  Rotational constants: A =   1050.61614  B =    431.92992  C =    379.12744 [MHz]
  Nuclear repulsion =  680.028081014479540

  Charge       = 0
  Multiplicity = 1
  Electrons    = 86
  Nalpha       = 43
  Nbeta        = 43

  ==> Algorithm <==

  SCF Algorithm Type is DF.
  DIIS enabled.
  MOM disabled.
  Fractional occupation disabled.
  Guess Type is SAD.
  Energy threshold   = 1.00e-06
  Density threshold  = 1.00e-06
  Integral threshold = 0.00e+00

  ==> Primary Basis <==

  Basis Set: AUG-CC-PV(D+D)Z
    Blend: AUG-CC-PV(D+D)Z
    Number of shells: 169
    Number of basis function: 379
    Number of Cartesian functions: 401
    Spherical Harmonics?: true
    Max angular momentum: 2

  ==> DFT Potential <==

   => Composite Functional: PW6B95 <= 

    PW6B95 Hybrid Meta-GGA XC Functional

    Y. Zhao and D. Truhlar, J. Phys. Chem. A., 109,5656-5667, 2005


    Deriv               =              1
    GGA                 =           TRUE
    Meta                =           TRUE

    Exchange Hybrid     =           TRUE
    MP2 Hybrid          =          FALSE

   => Exchange Functionals <=

    0.7200    XC_GGA_X_PW91

   => Exact (HF) Exchange <=

    0.2800               HF 

   => Correlation Functionals <=

    1.0000   XC_MGGA_C_BC95

   => Molecular Quadrature <=

    Radial Scheme          =       TREUTLER
    Pruning Scheme         =           FLAT
    Nuclear Scheme         =       TREUTLER

    BS radius alpha        =              1
    Pruning alpha          =              1
    Radial Points          =             75
    Spherical Points       =            302
    Total Points           =         566250
    Total Blocks           =           4112
    Max Points             =            256
    Max Functions          =            376

   => Loading Basis Set <=

    Name: (AUG-CC-PV(D+D)Z AUX)
    Role: JKFIT
    Keyword: DF_BASIS_SCF
    atoms 1, 5, 9-10, 14, 18, 22          entry C          line   154 file /store/opt/anaconda3/envs/psiresp/share/psi4/basis/aug-cc-pvdz-jkfit.gbs 
    atoms 2-4, 8, 11-13, 15-17, 21, 23-25 entry H          line    70 file /store/opt/anaconda3/envs/psiresp/share/psi4/basis/aug-cc-pvdz-jkfit.gbs 
    atoms 6, 19                           entry O          line   270 file /store/opt/anaconda3/envs/psiresp/share/psi4/basis/aug-cc-pvdz-jkfit.gbs 
    atoms 7, 20                           entry N          line   212 file /store/opt/anaconda3/envs/psiresp/share/psi4/basis/aug-cc-pvdz-jkfit.gbs 

  **PSI4:PCMSOLVER Interface Active**

-----------------------------------------------------------------------
   PCMSolver: An Open Source API for the Polarizable Continuum Model
                   PCMSolver 1.2.1+fa7c826

           Git: Branch {HEAD}, Revision {fa7c826}

 R. Di Remigio, A. H. Steindal, K. Mozgawa, V. Weijo, H. Cao, and
 L. Frediani, Int. J. Quantum Chem., to be submitted

 Source repository: https://github.com/PCMSolver/pcmsolver
 Documentation: https://pcmsolver.readthedocs.io/
 PCMSolver initialized on: Sunday, 25 July 2021 06:49 AM
-----------------------------------------------------------------------

~~~~~~~~~~ PCMSolver ~~~~~~~~~~
Using CODATA 2010 set of constants.
Input parsing done API-side
========== Cavity 
Atomic radii set: 
Cavity type: GePol
Average tesserae area = 0.3 Ang^2
Solvent probe radius = 1.385 Ang
Number of spheres = 25 [initial = 25; added = 0]
Number of finite elements = 1146
Number of irreducible finite elements = 1146
============ Spheres list (in Angstrom)
 Sphere   on   Radius   Alpha       X            Y            Z     
-------- ---- -------- ------- -----------  -----------  -----------
   1      C    1.7000   1.20     -1.530133     0.930874     -1.567549
   2      H    1.2000   1.20     -1.504343     1.862972     -2.121172
   3      H    1.2000   1.20     -1.912672     0.156366     -2.225638
   4      H    1.2000   1.20     -2.198414     1.025674     -0.724224
   5      C    1.7000   1.20     -0.160602     0.523908     -1.065717
   6      O    1.5200   1.20     0.000000     0.000000     0.000000
   7      N    1.5500   1.20     0.873345     0.809617     -1.906839
   8      H    1.2000   1.20     0.630041     1.128609     -2.818072
   9      C    1.7000   1.20     2.214126     0.229750     -1.774403
  10      C    1.7000   1.20     3.056629     0.785245     -2.933265
  11      H    1.2000   1.20     2.651195     0.456896     -3.886313
  12      H    1.2000   1.20     3.077994     1.869497     -2.918325
  13      H    1.2000   1.20     4.072629     0.420874     -2.855804
  14      C    1.7000   1.20     2.172930     -1.300364     -1.842741
  15      H    1.2000   1.20     3.173723     -1.703926     -1.790210
  16      H    1.2000   1.20     1.598250     -1.709387     -1.024276
  17      H    1.2000   1.20     1.718003     -1.605719     -2.780680
  18      C    1.7000   1.20     2.911947     0.675434     -0.475650
  19      O    1.5200   1.20     3.783205     0.000000     0.000000
  20      N    1.5500   1.20     2.593188     1.897217     0.000000
  21      H    1.2000   1.20     1.739650     2.297958     -0.308545
  22      C    1.7000   1.20     3.138703     2.356269     1.259649
  23      H    1.2000   1.20     2.736348     1.801466     2.100542
  24      H    1.2000   1.20     4.212205     2.240206     1.254475
  25      H    1.2000   1.20     2.898716     3.404938     1.379665
========== Static solver 
Solver Type: C-PCM
PCM matrix hermitivitized
Correction = 0.00
============ Medium 
Medium initialized from solvent built-in data.
Solvent name:          Water
Static  permittivity = 78.39
Optical permittivity = 1.78
Solvent radius =       1.39 Ang
.... Inside 
Green's function type: vacuum
.... Outside 
Green's function type: uniform dielectric
Permittivity = 78.39

  PCM does not make use of molecular symmetry: further calculations in C1 point group.
  ==> Pre-Iterations <==

   -------------------------------------------------------
    Irrep   Nso     Nmo     Nalpha   Nbeta   Ndocc  Nsocc
   -------------------------------------------------------
     A        379     379       0       0       0       0
   -------------------------------------------------------
    Total     379     379      43      43      43       0
   -------------------------------------------------------

  ==> Integral Setup <==

  ==> DiskDFJK: Density-Fitted J/K Matrices <==

    J tasked:                  Yes
    K tasked:                  Yes
    wK tasked:                  No
    OpenMP threads:              1
    Integrals threads:           1
    Memory [MiB]:              321
    Algorithm:                Disk
    Integral Cache:           NONE
    Schwarz Cutoff:          1E-12
    Fitting Condition:       1E-10

   => Auxiliary Basis Set <=

  Basis Set: (AUG-CC-PV(D+D)Z AUX)
    Blend: AUG-CC-PVDZ-JKFIT
    Number of shells: 476
    Number of basis function: 1394
    Number of Cartesian functions: 1601
    Spherical Harmonics?: true
    Max angular momentum: 3

  Cached 0.3% of DFT collocation blocks in 0.037 [GiB].

  Minimum eigenvalue in the overlap matrix is 3.8615656893E-06.
  Using Symmetric Orthogonalization.

  SCF Guess: Superposition of Atomic Densities via on-the-fly atomic UHF.

  ==> Iterations <==

                           Total Energy        Delta E     RMS |[F,P]|

   @DF-RKS iter SAD:  -535.10536657811519   -5.35105e+02   0.00000e+00 
   @DF-RKS iter   1:  -534.96248081159183    1.42886e-01   3.67275e-03 DIIS
   @DF-RKS iter   2:  -534.75124184305037    2.11239e-01   4.02881e-03 DIIS
   @DF-RKS iter   3:  -535.88153051208531   -1.13029e+00   5.43830e-04 DIIS
   @DF-RKS iter   4:  -535.89464022713832   -1.31097e-02   2.46995e-04 DIIS
   @DF-RKS iter   5:  -535.89782752883286   -3.18730e-03   8.80877e-05 DIIS
   @DF-RKS iter   6:  -535.89828699555380   -4.59467e-04   1.60030e-05 DIIS
   @DF-RKS iter   7:  -535.89830081532193   -1.38198e-05   5.64372e-06 DIIS
   @DF-RKS iter   8:  -535.89830241374511   -1.59842e-06   2.02921e-06 DIIS
   @DF-RKS iter   9:  -535.89830260660767   -1.92863e-07   7.21728e-07 DIIS
  Energy and wave function converged.


  ==> Post-Iterations <==

    Orbital Energies [Eh]
    ---------------------

    Doubly Occupied:                                                      

       1A    -19.295157     2A    -19.279442     3A    -14.501987  
       4A    -14.494909     5A    -10.415115     6A    -10.399034  
       7A    -10.362469     8A    -10.330955     9A    -10.303746  
      10A    -10.301138    11A    -10.289908    12A     -1.098450  
      13A     -1.082649    14A     -0.969505    15A     -0.948835  
      16A     -0.823860    17A     -0.755994    18A     -0.736653  
      19A     -0.719715    20A     -0.645118    21A     -0.616760  
      22A     -0.597756    23A     -0.545111    24A     -0.517702  
      25A     -0.499402    26A     -0.477599    27A     -0.474112  
      28A     -0.466777    29A     -0.450826    30A     -0.443918  
      31A     -0.430616    32A     -0.425396    33A     -0.412988  
      34A     -0.409037    35A     -0.396453    36A     -0.386784  
      37A     -0.383610    38A     -0.377844    39A     -0.364920  
      40A     -0.300290    41A     -0.288602    42A     -0.274168  
      43A     -0.263801  

    Virtual:                                                              

      44A     -0.007538    45A      0.007433    46A      0.012823  
      47A      0.014694    48A      0.023378    49A      0.029131  
      50A      0.031614    51A      0.033220    52A      0.038595  
      53A      0.041792    54A      0.043164    55A      0.051614  
      56A      0.057768    57A      0.061970    58A      0.068692  
      59A      0.070107    60A      0.077879    61A      0.087478  
      62A      0.089544    63A      0.095245    64A      0.102743  
      65A      0.106765    66A      0.111162    67A      0.112397  
      68A      0.114703    69A      0.117603    70A      0.121300  
      71A      0.125795    72A      0.127933    73A      0.130096  
      74A      0.135464    75A      0.137165    76A      0.138333  
      77A      0.141056    78A      0.147996    79A      0.148828  
      80A      0.153305    81A      0.158699    82A      0.163668  
      83A      0.168032    84A      0.171549    85A      0.175548  
      86A      0.178231    87A      0.184338    88A      0.192164  
      89A      0.200387    90A      0.203201    91A      0.208336  
      92A      0.215870    93A      0.220541    94A      0.224597  
      95A      0.229001    96A      0.232202    97A      0.240423  
      98A      0.244193    99A      0.250181   100A      0.257472  
     101A      0.260479   102A      0.262648   103A      0.272418  
     104A      0.275023   105A      0.276796   106A      0.284180  
     107A      0.288648   108A      0.297844   109A      0.303591  
     110A      0.305459   111A      0.310171   112A      0.316294  
     113A      0.322284   114A      0.327256   115A      0.330662  
     116A      0.337368   117A      0.342838   118A      0.347080  
     119A      0.350411   120A      0.354269   121A      0.361537  
     122A      0.367774   123A      0.374221   124A      0.383834  
     125A      0.385665   126A      0.388650   127A      0.391729  
     128A      0.400120   129A      0.404568   130A      0.408336  
     131A      0.412165   132A      0.414520   133A      0.421792  
     134A      0.430619   135A      0.434246   136A      0.441646  
     137A      0.454251   138A      0.457307   139A      0.460171  
     140A      0.466886   141A      0.470357   142A      0.476246  
     143A      0.481126   144A      0.484763   145A      0.488107  
     146A      0.490985   147A      0.500831   148A      0.508233  
     149A      0.513026   150A      0.515791   151A      0.521129  
     152A      0.522964   153A      0.527132   154A      0.535171  
     155A      0.542980   156A      0.543500   157A      0.552254  
     158A      0.558015   159A      0.559219   160A      0.565069  
     161A      0.569632   162A      0.573678   163A      0.584493  
     164A      0.589008   165A      0.598078   166A      0.602252  
     167A      0.610384   168A      0.614721   169A      0.618605  
     170A      0.627244   171A      0.633642   172A      0.637600  
     173A      0.646397   174A      0.647182   175A      0.652412  
     176A      0.666102   177A      0.671025   178A      0.678728  
     179A      0.680853   180A      0.686583   181A      0.691781  
     182A      0.703001   183A      0.706845   184A      0.715108  
     185A      0.719154   186A      0.724558   187A      0.735642  
     188A      0.745476   189A      0.750011   190A      0.763887  
     191A      0.777104   192A      0.779961   193A      0.784787  
     194A      0.796729   195A      0.807424   196A      0.811461  
     197A      0.816305   198A      0.830954   199A      0.832336  
     200A      0.835277   201A      0.849894   202A      0.859486  
     203A      0.865169   204A      0.870082   205A      0.886299  
     206A      0.893386   207A      0.907423   208A      0.911264  
     209A      0.916405   210A      0.934773   211A      0.942393  
     212A      0.948976   213A      0.963025   214A      0.973288  
     215A      0.982275   216A      0.987438   217A      0.994722  
     218A      1.006740   219A      1.019311   220A      1.031042  
     221A      1.036098   222A      1.044407   223A      1.056389  
     224A      1.077231   225A      1.079808   226A      1.094976  
     227A      1.102495   228A      1.116971   229A      1.128967  
     230A      1.146007   231A      1.152690   232A      1.157986  
     233A      1.174361   234A      1.176999   235A      1.190845  
     236A      1.198238   237A      1.224350   238A      1.249804  
     239A      1.258187   240A      1.265196   241A      1.289125  
     242A      1.303401   243A      1.304618   244A      1.334987  
     245A      1.346554   246A      1.362720   247A      1.367596  
     248A      1.384810   249A      1.405399   250A      1.417167  
     251A      1.431293   252A      1.451713   253A      1.461290  
     254A      1.478808   255A      1.484200   256A      1.505220  
     257A      1.519748   258A      1.523435   259A      1.535978  
     260A      1.565886   261A      1.579036   262A      1.589008  
     263A      1.604203   264A      1.605976   265A      1.620736  
     266A      1.643600   267A      1.660055   268A      1.665748  
     269A      1.669043   270A      1.679278   271A      1.687396  
     272A      1.702326   273A      1.711494   274A      1.714455  
     275A      1.722268   276A      1.736327   277A      1.754329  
     278A      1.759781   279A      1.777963   280A      1.802451  
     281A      1.819196   282A      1.822424   283A      1.837338  
     284A      1.862433   285A      1.867110   286A      1.873197  
     287A      1.880652   288A      1.886062   289A      1.898758  
     290A      1.925160   291A      1.932016   292A      1.942683  
     293A      1.953121   294A      1.965783   295A      1.978911  
     296A      1.993860   297A      2.006359   298A      2.019461  
     299A      2.027134   300A      2.042211   301A      2.044355  
     302A      2.052915   303A      2.068610   304A      2.083548  
     305A      2.100603   306A      2.107217   307A      2.111310  
     308A      2.135410   309A      2.138861   310A      2.160095  
     311A      2.164052   312A      2.185139   313A      2.211291  
     314A      2.221620   315A      2.228457   316A      2.236879  
     317A      2.259845   318A      2.277254   319A      2.292830  
     320A      2.305069   321A      2.308830   322A      2.331264  
     323A      2.351651   324A      2.364248   325A      2.373828  
     326A      2.392558   327A      2.403694   328A      2.407847  
     329A      2.415215   330A      2.441195   331A      2.450740  
     332A      2.479397   333A      2.483930   334A      2.494711  
     335A      2.532321   336A      2.543695   337A      2.556988  
     338A      2.571611   339A      2.578535   340A      2.596671  
     341A      2.606302   342A      2.621006   343A      2.637434  
     344A      2.647652   345A      2.663838   346A      2.673397  
     347A      2.699822   348A      2.710384   349A      2.737454  
     350A      2.750623   351A      2.769620   352A      2.779798  
     353A      2.813599   354A      2.831245   355A      2.839997  
     356A      2.872732   357A      2.902059   358A      2.971602  
     359A      2.999702   360A      3.101296   361A      3.136813  
     362A      3.188767   363A      3.218460   364A      3.242976  
     365A      3.317986   366A      3.375778   367A      3.456645  
     368A      3.462653   369A      3.473771   370A      3.492476  
     371A      3.538152   372A      3.591525   373A      3.621079  
     374A      3.669290   375A      3.688220   376A      3.714358  
     377A      3.743915   378A      3.862563   379A      3.962201  

    Final Occupation by Irrep:
              A 
    DOCC [    43 ]

  @DF-RKS Final Energy:  -535.89830260660767

   => Energetics <=

    Nuclear Repulsion Energy =            680.0280810144795396
    One-Electron Energy =               -2076.3821874898740134
    Two-Electron Energy =                 915.6719197523832463
    DFT Exchange-Correlation Energy =     -55.1991608915214371
    Empirical Dispersion Energy =           0.0000000000000000
    VV10 Nonlocal Energy =                  0.0000000000000000
    PCM Polarization Energy =              -0.0169549920750364
    Total Energy =                       -535.8983026066076718

Computation Completed


Properties will be evaluated at   0.000000,   0.000000,   0.000000 [a0]

Properties computed using the PW6B95 density matrix

  Nuclear Dipole Moment: [e a0]
     X:   280.1449      Y:   105.4485      Z:  -155.8353

  Electronic Dipole Moment: [e a0]
     X:  -281.1813      Y:  -103.7976      Z:   153.7088

  Dipole Moment: [e a0]
     X:    -1.0364      Y:     1.6509      Z:    -2.1266     Total:     2.8848

  Dipole Moment: [D]
     X:    -2.6342      Y:     4.1962      Z:    -5.4052     Total:     7.3324


 Electrostatic potential computed on the grid and written to grid_esp.dat

*** tstop() called on gavle at Sun Jul 25 07:01:59 2021
Module time:
	user time   =     764.97 seconds =      12.75 minutes
	system time =       2.99 seconds =       0.05 minutes
	total time  =        768 seconds =      12.80 minutes
Total time:
	user time   =     764.97 seconds =      12.75 minutes
	system time =       2.99 seconds =       0.05 minutes
	total time  =        768 seconds =      12.80 minutes

    Psi4 stopped on: Sunday, 25 July 2021 07:01AM
    Psi4 wall time for execution: 0:12:48.30

*** Psi4 exiting successfully. Buy a developer a beer!
