
    -----------------------------------------------------------------------
          Psi4: An Open-Source Ab Initio Electronic Structure Package
                               Psi4 1.3.2 release

                         Git: Rev {HEAD} ecbda83 


    R. M. Parrish, L. A. Burns, D. G. A. Smith, A. C. Simmonett,
    A. E. DePrince III, E. G. Hohenstein, U. Bozkaya, A. Yu. Sokolov,
    R. Di Remigio, R. M. Richard, J. F. Gonthier, A. M. James,
    H. R. McAlexander, A. Kumar, M. Saitow, X. Wang, B. P. Pritchard,
    P. Verma, H. F. Schaefer III, K. Patkowski, R. A. King, E. F. Valeev,
    F. A. Evangelista, J. M. Turney, T. D. Crawford, and C. D. Sherrill,
    J. Chem. Theory Comput. 13(7) pp 3185--3197 (2017).
    (doi: 10.1021/acs.jctc.7b00174)


                         Additional Contributions by
    P. Kraus, H. Kruse, M. H. Lechner, M. C. Schieber, R. A. Shaw,
    A. Alenaizan, R. Galvelis, Z. L. Glick, S. Lehtola, and J. P. Misiewicz

    -----------------------------------------------------------------------


    Psi4 started on: Sunday, 25 July 2021 05:45AM

    Process ID: 1641651
    Host:       gavle
    PSIDATADIR: /store/opt/anaconda3/envs/psiresp/share/psi4
    Memory:     500.0 MiB
    Threads:    1
    
  ==> Input File <==

--------------------------------------------------------------------------
memory 500MB
molecule nme2ala2_gas_c001_o001 {
    units Angstrom
    no_com
    no_reorient
    0 1
        C               -1.418226222472137    -0.529811499803617     0.031714090007150
    H               -1.452128617916569    -1.604168049396452     0.175167982779789
    H               -1.954895611012030    -0.061410068185364     0.851388290197367
    H               -1.910296561287842    -0.269520826643125    -0.893974139235408
    C                0.000000000000000     0.000000000000000     0.000000000000000
    O                0.332949129188107     0.892217815849341    -0.727404855399488
    N                0.869576529806922    -0.620513367916468     0.846737309421570
    H                0.474693645977293    -1.261537802060092     1.498238506281098
    C                2.181651420824369    -0.074330265293132     1.209533369215883
    C                2.816635078439484    -1.061238397585070     2.201578767015335
    H                2.223526050815746    -1.117711779201286     3.110162495235581
    H                2.892856093834139    -2.054425374022408     1.772566219897687
    H                3.810199325367660    -0.725353988964513     2.468100124457842
    C                2.054350689659348     1.309215207819001     1.855453290744422
    H                3.026406695320264     1.671935802873882     2.156700171769036
    H                1.625038212423306     2.021012185967890     1.165179353399468
    H                1.416652207759027     1.238895429795118     2.731995961209797
    C                3.132363607742307    -0.000000000000003     0.000000000000000
    O                4.043911934062320     0.781424135879420     0.000000000000000
    N                2.968396317542393    -0.930670243905599    -0.963104630826850
    H                2.092419500818157    -1.394682601690146    -1.004074593683515
    C                3.762989993030206    -0.879398281090697    -2.171831968557909
    H                3.499885735498246    -0.029691051034028    -2.792775208766367
    H                4.809404568300345    -0.805978145328745    -1.915840872507505
    H                3.600923843947478    -1.791296675947460    -2.732081055283911


}

set basis aug-cc-pV(D+d)Z
E, wfn = prop('pw6b95', properties=['GRID_ESP'], return_wfn=True)
esp = wfn.oeprop.Vvals()
--------------------------------------------------------------------------

  Memory set to 476.837 MiB by Python driver.

*** tstart() called on gavle
*** at Sun Jul 25 05:45:28 2021

   => Loading Basis Set <=

    Name: AUG-CC-PV(D+D)Z
    Role: ORBITAL
    Keyword: BASIS
    atoms 1, 5, 9-10, 14, 18, 22          entry C          line   198 file /store/opt/anaconda3/envs/psiresp/share/psi4/basis/aug-cc-pv_dpd_z.gbs 
    atoms 2-4, 8, 11-13, 15-17, 21, 23-25 entry H          line    56 file /store/opt/anaconda3/envs/psiresp/share/psi4/basis/aug-cc-pv_dpd_z.gbs 
    atoms 6, 19                           entry O          line   270 file /store/opt/anaconda3/envs/psiresp/share/psi4/basis/aug-cc-pv_dpd_z.gbs 
    atoms 7, 20                           entry N          line   234 file /store/opt/anaconda3/envs/psiresp/share/psi4/basis/aug-cc-pv_dpd_z.gbs 


         ---------------------------------------------------------
                                   SCF
               by Justin Turney, Rob Parrish, Andy Simmonett
                          and Daniel G. A. Smith
                              RKS Reference
                        1 Threads,    476 MiB Core
         ---------------------------------------------------------

  ==> Geometry <==

    Molecular point group: c1
    Full point group: C1

    Geometry (in Angstrom), charge = 0, multiplicity = 1:

       Center              X                  Y                   Z               Mass       
    ------------   -----------------  -----------------  -----------------  -----------------
         C           -1.418226222472    -0.529811499804     0.031714090007    12.000000000000
         H           -1.452128617917    -1.604168049396     0.175167982780     1.007825032230
         H           -1.954895611012    -0.061410068185     0.851388290197     1.007825032230
         H           -1.910296561288    -0.269520826643    -0.893974139235     1.007825032230
         C            0.000000000000     0.000000000000     0.000000000000    12.000000000000
         O            0.332949129188     0.892217815849    -0.727404855399    15.994914619570
         N            0.869576529807    -0.620513367916     0.846737309422    14.003074004430
         H            0.474693645977    -1.261537802060     1.498238506281     1.007825032230
         C            2.181651420824    -0.074330265293     1.209533369216    12.000000000000
         C            2.816635078439    -1.061238397585     2.201578767015    12.000000000000
         H            2.223526050816    -1.117711779201     3.110162495236     1.007825032230
         H            2.892856093834    -2.054425374022     1.772566219898     1.007825032230
         H            3.810199325368    -0.725353988965     2.468100124458     1.007825032230
         C            2.054350689659     1.309215207819     1.855453290744    12.000000000000
         H            3.026406695320     1.671935802874     2.156700171769     1.007825032230
         H            1.625038212423     2.021012185968     1.165179353399     1.007825032230
         H            1.416652207759     1.238895429795     2.731995961210     1.007825032230
         C            3.132363607742    -0.000000000000     0.000000000000    12.000000000000
         O            4.043911934062     0.781424135879     0.000000000000    15.994914619570
         N            2.968396317542    -0.930670243906    -0.963104630827    14.003074004430
         H            2.092419500818    -1.394682601690    -1.004074593684     1.007825032230
         C            3.762989993030    -0.879398281091    -2.171831968558    12.000000000000
         H            3.499885735498    -0.029691051034    -2.792775208766     1.007825032230
         H            4.809404568300    -0.805978145329    -1.915840872508     1.007825032230
         H            3.600923843947    -1.791296675947    -2.732081055284     1.007825032230

  Running in c1 symmetry.

  Rotational constants: A =      0.04546  B =      0.01498  C =      0.01312 [cm^-1]
  Rotational constants: A =   1362.85193  B =    449.16748  C =    393.45312 [MHz]
  Nuclear repulsion =  680.028081014479540

  Charge       = 0
  Multiplicity = 1
  Electrons    = 86
  Nalpha       = 43
  Nbeta        = 43

  ==> Algorithm <==

  SCF Algorithm Type is DF.
  DIIS enabled.
  MOM disabled.
  Fractional occupation disabled.
  Guess Type is SAD.
  Energy threshold   = 1.00e-06
  Density threshold  = 1.00e-06
  Integral threshold = 0.00e+00

  ==> Primary Basis <==

  Basis Set: AUG-CC-PV(D+D)Z
    Blend: AUG-CC-PV(D+D)Z
    Number of shells: 169
    Number of basis function: 379
    Number of Cartesian functions: 401
    Spherical Harmonics?: true
    Max angular momentum: 2

  ==> DFT Potential <==

   => Composite Functional: PW6B95 <= 

    PW6B95 Hybrid Meta-GGA XC Functional

    Y. Zhao and D. Truhlar, J. Phys. Chem. A., 109,5656-5667, 2005


    Deriv               =              1
    GGA                 =           TRUE
    Meta                =           TRUE

    Exchange Hybrid     =           TRUE
    MP2 Hybrid          =          FALSE

   => Exchange Functionals <=

    0.7200    XC_GGA_X_PW91

   => Exact (HF) Exchange <=

    0.2800               HF 

   => Correlation Functionals <=

    1.0000   XC_MGGA_C_BC95

   => Molecular Quadrature <=

    Radial Scheme          =       TREUTLER
    Pruning Scheme         =           FLAT
    Nuclear Scheme         =       TREUTLER

    BS radius alpha        =              1
    Pruning alpha          =              1
    Radial Points          =             75
    Spherical Points       =            302
    Total Points           =         566250
    Total Blocks           =           4113
    Max Points             =            256
    Max Functions          =            375

   => Loading Basis Set <=

    Name: (AUG-CC-PV(D+D)Z AUX)
    Role: JKFIT
    Keyword: DF_BASIS_SCF
    atoms 1, 5, 9-10, 14, 18, 22          entry C          line   154 file /store/opt/anaconda3/envs/psiresp/share/psi4/basis/aug-cc-pvdz-jkfit.gbs 
    atoms 2-4, 8, 11-13, 15-17, 21, 23-25 entry H          line    70 file /store/opt/anaconda3/envs/psiresp/share/psi4/basis/aug-cc-pvdz-jkfit.gbs 
    atoms 6, 19                           entry O          line   270 file /store/opt/anaconda3/envs/psiresp/share/psi4/basis/aug-cc-pvdz-jkfit.gbs 
    atoms 7, 20                           entry N          line   212 file /store/opt/anaconda3/envs/psiresp/share/psi4/basis/aug-cc-pvdz-jkfit.gbs 

  ==> Pre-Iterations <==

   -------------------------------------------------------
    Irrep   Nso     Nmo     Nalpha   Nbeta   Ndocc  Nsocc
   -------------------------------------------------------
     A        379     379       0       0       0       0
   -------------------------------------------------------
    Total     379     379      43      43      43       0
   -------------------------------------------------------

  ==> Integral Setup <==

  ==> DiskDFJK: Density-Fitted J/K Matrices <==

    J tasked:                  Yes
    K tasked:                  Yes
    wK tasked:                  No
    OpenMP threads:              1
    Integrals threads:           1
    Memory [MiB]:              321
    Algorithm:                Disk
    Integral Cache:           NONE
    Schwarz Cutoff:          1E-12
    Fitting Condition:       1E-10

   => Auxiliary Basis Set <=

  Basis Set: (AUG-CC-PV(D+D)Z AUX)
    Blend: AUG-CC-PVDZ-JKFIT
    Number of shells: 476
    Number of basis function: 1394
    Number of Cartesian functions: 1601
    Spherical Harmonics?: true
    Max angular momentum: 3

  Cached 0.3% of DFT collocation blocks in 0.032 [GiB].

  Minimum eigenvalue in the overlap matrix is 3.8615656892E-06.
  Using Symmetric Orthogonalization.

  SCF Guess: Superposition of Atomic Densities via on-the-fly atomic UHF.

  ==> Iterations <==

                           Total Energy        Delta E     RMS |[F,P]|

   @DF-RKS iter SAD:  -535.10148704533128   -5.35101e+02   0.00000e+00 
   @DF-RKS iter   1:  -534.93108471372125    1.70402e-01   3.69282e-03 DIIS
   @DF-RKS iter   2:  -534.56061869348514    3.70466e-01   4.29220e-03 DIIS
   @DF-RKS iter   3:  -535.85577445047397   -1.29516e+00   6.98039e-04 DIIS
   @DF-RKS iter   4:  -535.87861785886741   -2.28434e-02   3.34893e-04 DIIS
   @DF-RKS iter   5:  -535.88426454145736   -5.64668e-03   1.27691e-04 DIIS
   @DF-RKS iter   6:  -535.88525207491148   -9.87533e-04   2.08791e-05 DIIS
   @DF-RKS iter   7:  -535.88527620273783   -2.41278e-05   8.13901e-06 DIIS
   @DF-RKS iter   8:  -535.88527981399000   -3.61125e-06   2.24110e-06 DIIS
   @DF-RKS iter   9:  -535.88528005607327   -2.42083e-07   8.84057e-07 DIIS
  Energy and wave function converged.


  ==> Post-Iterations <==

    Orbital Energies [Eh]
    ---------------------

    Doubly Occupied:                                                      

       1A    -19.291261     2A    -19.275740     3A    -14.510807  
       4A    -14.494413     5A    -10.416403     6A    -10.397529  
       7A    -10.366871     8A    -10.329317     9A    -10.317932  
      10A    -10.312211    11A    -10.289855    12A     -1.095355  
      13A     -1.078911    14A     -0.975112    15A     -0.949133  
      16A     -0.830145    17A     -0.767397    18A     -0.735940  
      19A     -0.724974    20A     -0.649905    21A     -0.623275  
      22A     -0.598576    23A     -0.551201    24A     -0.520429  
      25A     -0.500335    26A     -0.481897    27A     -0.476031  
      28A     -0.468166    29A     -0.450305    30A     -0.445110  
      31A     -0.437897    32A     -0.430188    33A     -0.420002  
      34A     -0.408081    35A     -0.404645    36A     -0.388566  
      37A     -0.386191    38A     -0.379053    39A     -0.367079  
      40A     -0.301858    41A     -0.284974    42A     -0.272292  
      43A     -0.262401  

    Virtual:                                                              

      44A     -0.021136    45A      0.000125    46A      0.005787  
      47A      0.008713    48A      0.021644    49A      0.024670  
      50A      0.025501    51A      0.027734    52A      0.035789  
      53A      0.038701    54A      0.041619    55A      0.047056  
      56A      0.053216    57A      0.055865    58A      0.066286  
      59A      0.068197    60A      0.071311    61A      0.084054  
      62A      0.086538    63A      0.090070    64A      0.094603  
      65A      0.102171    66A      0.107678    67A      0.110052  
      68A      0.112642    69A      0.114729    70A      0.117522  
      71A      0.119186    72A      0.123720    73A      0.124798  
      74A      0.128370    75A      0.131540    76A      0.134837  
      77A      0.138383    78A      0.141976    79A      0.146915  
      80A      0.148798    81A      0.153033    82A      0.158253  
      83A      0.164325    84A      0.166950    85A      0.171913  
      86A      0.177509    87A      0.180169    88A      0.187854  
      89A      0.196626    90A      0.197894    91A      0.205744  
      92A      0.215499    93A      0.216824    94A      0.219796  
      95A      0.226326    96A      0.227178    97A      0.235118  
      98A      0.243256    99A      0.246619   100A      0.254470  
     101A      0.257939   102A      0.261509   103A      0.270638  
     104A      0.273682   105A      0.275077   106A      0.281693  
     107A      0.286556   108A      0.296621   109A      0.302643  
     110A      0.303071   111A      0.309245   112A      0.313951  
     113A      0.317588   114A      0.324137   115A      0.327344  
     116A      0.334490   117A      0.338019   118A      0.343296  
     119A      0.347939   120A      0.353718   121A      0.359279  
     122A      0.363785   123A      0.367315   124A      0.377749  
     125A      0.379571   126A      0.383108   127A      0.387581  
     128A      0.396287   129A      0.400384   130A      0.405220  
     131A      0.406789   132A      0.409334   133A      0.417772  
     134A      0.424648   135A      0.431730   136A      0.436382  
     137A      0.448126   138A      0.450433   139A      0.455854  
     140A      0.459561   141A      0.466453   142A      0.473122  
     143A      0.475725   144A      0.480163   145A      0.482882  
     146A      0.487083   147A      0.495796   148A      0.502909  
     149A      0.508955   150A      0.511673   151A      0.515417  
     152A      0.516279   153A      0.521792   154A      0.532064  
     155A      0.536505   156A      0.540951   157A      0.545752  
     158A      0.552014   159A      0.555650   160A      0.562220  
     161A      0.563733   162A      0.571232   163A      0.579584  
     164A      0.583567   165A      0.592867   166A      0.596689  
     167A      0.608373   168A      0.610088   169A      0.613603  
     170A      0.621707   171A      0.628969   172A      0.632166  
     173A      0.637044   174A      0.642184   175A      0.648035  
     176A      0.662025   177A      0.666121   178A      0.673457  
     179A      0.678568   180A      0.679881   181A      0.687357  
     182A      0.698888   183A      0.703211   184A      0.710857  
     185A      0.715257   186A      0.718250   187A      0.730955  
     188A      0.738309   189A      0.743941   190A      0.754853  
     191A      0.767384   192A      0.774168   193A      0.780359  
     194A      0.793284   195A      0.804695   196A      0.808624  
     197A      0.815662   198A      0.825275   199A      0.829900  
     200A      0.832490   201A      0.847081   202A      0.855003  
     203A      0.861391   204A      0.865376   205A      0.879598  
     206A      0.887893   207A      0.902747   208A      0.908080  
     209A      0.912701   210A      0.930911   211A      0.938071  
     212A      0.943666   213A      0.955197   214A      0.964657  
     215A      0.979135   216A      0.985449   217A      0.990486  
     218A      1.004305   219A      1.016645   220A      1.028120  
     221A      1.030637   222A      1.043697   223A      1.054130  
     224A      1.071017   225A      1.075507   226A      1.091304  
     227A      1.095040   228A      1.118229   229A      1.125984  
     230A      1.145496   231A      1.154510   232A      1.155481  
     233A      1.174544   234A      1.176543   235A      1.189148  
     236A      1.198439   237A      1.224793   238A      1.251630  
     239A      1.259595   240A      1.264358   241A      1.290906  
     242A      1.303798   243A      1.307769   244A      1.335283  
     245A      1.348796   246A      1.360859   247A      1.364370  
     248A      1.377366   249A      1.407404   250A      1.414476  
     251A      1.427017   252A      1.447622   253A      1.455847  
     254A      1.476878   255A      1.482648   256A      1.503826  
     257A      1.515806   258A      1.518246   259A      1.532795  
     260A      1.558946   261A      1.573177   262A      1.585208  
     263A      1.597834   264A      1.602657   265A      1.615582  
     266A      1.640071   267A      1.650655   268A      1.662058  
     269A      1.667040   270A      1.677583   271A      1.682473  
     272A      1.697420   273A      1.707925   274A      1.711222  
     275A      1.719311   276A      1.734346   277A      1.748364  
     278A      1.755894   279A      1.774889   280A      1.798256  
     281A      1.815526   282A      1.818070   283A      1.834664  
     284A      1.858540   285A      1.862797   286A      1.868791  
     287A      1.878003   288A      1.882986   289A      1.896092  
     290A      1.920059   291A      1.931166   292A      1.938565  
     293A      1.949869   294A      1.960753   295A      1.973085  
     296A      1.989415   297A      2.000599   298A      2.014723  
     299A      2.021062   300A      2.039315   301A      2.041362  
     302A      2.049078   303A      2.064242   304A      2.077868  
     305A      2.096058   306A      2.103136   307A      2.104946  
     308A      2.132423   309A      2.134231   310A      2.152455  
     311A      2.159483   312A      2.179929   313A      2.206280  
     314A      2.211118   315A      2.222350   316A      2.233132  
     317A      2.254148   318A      2.273212   319A      2.286422  
     320A      2.298466   321A      2.304669   322A      2.326487  
     323A      2.347048   324A      2.361343   325A      2.365821  
     326A      2.386840   327A      2.397409   328A      2.401943  
     329A      2.410596   330A      2.433925   331A      2.446011  
     332A      2.473346   333A      2.480477   334A      2.491979  
     335A      2.528624   336A      2.536307   337A      2.550434  
     338A      2.569754   339A      2.577084   340A      2.587856  
     341A      2.601434   342A      2.612569   343A      2.633957  
     344A      2.643829   345A      2.657833   346A      2.668556  
     347A      2.694649   348A      2.704627   349A      2.724292  
     350A      2.745473   351A      2.765191   352A      2.772456  
     353A      2.811158   354A      2.828307   355A      2.833826  
     356A      2.870160   357A      2.899287   358A      2.967475  
     359A      2.997863   360A      3.100851   361A      3.136987  
     362A      3.189135   363A      3.212674   364A      3.238109  
     365A      3.317016   366A      3.371794   367A      3.460422  
     368A      3.465228   369A      3.476870   370A      3.495713  
     371A      3.545128   372A      3.594781   373A      3.625453  
     374A      3.674598   375A      3.691968   376A      3.718877  
     377A      3.747179   378A      3.871225   379A      3.966276  

    Final Occupation by Irrep:
              A 
    DOCC [    43 ]

  @DF-RKS Final Energy:  -535.88528005607327

   => Energetics <=

    Nuclear Repulsion Energy =            680.0280810144795396
    One-Electron Energy =               -2076.2247720433356335
    Two-Electron Energy =                 915.5070627551347116
    DFT Exchange-Correlation Energy =     -55.1956517823519164
    Empirical Dispersion Energy =           0.0000000000000000
    VV10 Nonlocal Energy =                  0.0000000000000000
    Total Energy =                       -535.8852800560732703

Computation Completed


Properties will be evaluated at   0.000000,   0.000000,   0.000000 [a0]

Properties computed using the PW6B95 density matrix

  Nuclear Dipole Moment: [e a0]
     X:   304.6503      Y:   -20.9126      Z:    35.3674

  Electronic Dipole Moment: [e a0]
     X:  -305.7517      Y:    19.1897      Z:   -34.6986

  Dipole Moment: [e a0]
     X:    -1.1015      Y:    -1.7229      Z:     0.6688     Total:     2.1515

  Dipole Moment: [D]
     X:    -2.7996      Y:    -4.3791      Z:     1.6999     Total:     5.4684


 Electrostatic potential computed on the grid and written to grid_esp.dat

*** tstop() called on gavle at Sun Jul 25 05:50:14 2021
Module time:
	user time   =     281.68 seconds =       4.69 minutes
	system time =       2.87 seconds =       0.05 minutes
	total time  =        286 seconds =       4.77 minutes
Total time:
	user time   =     281.68 seconds =       4.69 minutes
	system time =       2.87 seconds =       0.05 minutes
	total time  =        286 seconds =       4.77 minutes

    Psi4 stopped on: Sunday, 25 July 2021 05:50AM
    Psi4 wall time for execution: 0:04:45.44

*** Psi4 exiting successfully. Buy a developer a beer!
