
    -----------------------------------------------------------------------
          Psi4: An Open-Source Ab Initio Electronic Structure Package
                               Psi4 1.3.2 release

                         Git: Rev {HEAD} ecbda83 


    R. M. Parrish, L. A. Burns, D. G. A. Smith, A. C. Simmonett,
    A. E. DePrince III, E. G. Hohenstein, U. Bozkaya, A. Yu. Sokolov,
    R. Di Remigio, R. M. Richard, J. F. Gonthier, A. M. James,
    H. R. McAlexander, A. Kumar, M. Saitow, X. Wang, B. P. Pritchard,
    P. Verma, H. F. Schaefer III, K. Patkowski, R. A. King, E. F. Valeev,
    F. A. Evangelista, J. M. Turney, T. D. Crawford, and C. D. Sherrill,
    J. Chem. Theory Comput. 13(7) pp 3185--3197 (2017).
    (doi: 10.1021/acs.jctc.7b00174)


                         Additional Contributions by
    P. Kraus, H. Kruse, M. H. Lechner, M. C. Schieber, R. A. Shaw,
    A. Alenaizan, R. Galvelis, Z. L. Glick, S. Lehtola, and J. P. Misiewicz

    -----------------------------------------------------------------------


    Psi4 started on: Sunday, 25 July 2021 07:27AM

    Process ID: 1660726
    Host:       gavle
    PSIDATADIR: /store/opt/anaconda3/envs/psiresp/share/psi4
    Memory:     500.0 MiB
    Threads:    1
    
  ==> Input File <==

--------------------------------------------------------------------------
memory 500MB
molecule nme2ala2_solvated_c002_o002 {
    units Angstrom
    no_com
    no_reorient
    0 1
        C                0.045212844564629     4.580588741951532    -0.028964620915965
    H               -0.874460821627007     4.055343723626697     0.197498622462293
    H                0.186451015404519     5.385931739247850     0.679697315819499
    H               -0.037296317294855     5.019998398859265    -1.017152158724269
    C                1.271912533980978     3.691413444908615    -0.000000000000054
    O                2.379157577821486     4.167247235196697    -0.000475117581277
    N                1.020159865267728     2.367629403683603     0.004692796948837
    H                0.077611127453910     2.046820763062236     0.002981441877488
    C                2.019110349483442     1.310614502512471    -0.001655336823689
    C                2.890483822850238     1.382700087731038     1.264910643092140
    H                3.386607235387051     2.341114542545863     1.304444025617213
    H                2.277511680133015     1.269987897960518     2.152672555285240
    H                3.648206367592608     0.606414861784831     1.272927601864595
    C                2.878805956246000     1.384435056279434    -1.276153380046883
    H                3.634888380933412     0.606743055577136    -1.293004016205365
    H                2.257439526231945     1.274573165478525    -2.158479732569914
    H                3.376230808863854     2.342119435173775    -1.318147846736063
    C                1.205428895019099    -0.000000000000000    -0.000000000000004
    O                0.000000000000000     0.000000000000000     0.000000000000000
    N                1.908895460887868    -1.145096298409542     0.000316334498372
    H                2.899990254802724    -1.116603463562599     0.001782434106018
    C                1.248096177665349    -2.434335826194271     0.001463141708998
    H                0.627236022679402    -2.549809556173772     0.880362228195851
    H                0.624013570443690    -2.549344341608880    -0.875163548036559
    H                2.004814404280077    -3.206937821361824    -0.000145052829418


}

set basis aug-cc-pV(D+d)Z

set {
    pcm true
    pcm_scf_type total
}

pcm = {
    Units = Angstrom
    Medium {
        SolverType = CPCM
        Solvent = water
    }

    Cavity {
        RadiiSet = bondi # Bondi | UFF | Allinger
        Type = GePol
        Scaling = True # radii for spheres scaled by 1.2
        Area = 0.3
        Mode = Implicit
    }
}

E, wfn = prop('pw6b95', properties=['GRID_ESP'], return_wfn=True)
esp = wfn.oeprop.Vvals()
--------------------------------------------------------------------------

  Memory set to 476.837 MiB by Python driver.

*** tstart() called on gavle
*** at Sun Jul 25 07:27:43 2021

   => Loading Basis Set <=

    Name: AUG-CC-PV(D+D)Z
    Role: ORBITAL
    Keyword: BASIS
    atoms 1, 5, 9-10, 14, 18, 22          entry C          line   198 file /store/opt/anaconda3/envs/psiresp/share/psi4/basis/aug-cc-pv_dpd_z.gbs 
    atoms 2-4, 8, 11-13, 15-17, 21, 23-25 entry H          line    56 file /store/opt/anaconda3/envs/psiresp/share/psi4/basis/aug-cc-pv_dpd_z.gbs 
    atoms 6, 19                           entry O          line   270 file /store/opt/anaconda3/envs/psiresp/share/psi4/basis/aug-cc-pv_dpd_z.gbs 
    atoms 7, 20                           entry N          line   234 file /store/opt/anaconda3/envs/psiresp/share/psi4/basis/aug-cc-pv_dpd_z.gbs 


         ---------------------------------------------------------
                                   SCF
               by Justin Turney, Rob Parrish, Andy Simmonett
                          and Daniel G. A. Smith
                              RKS Reference
                        1 Threads,    476 MiB Core
         ---------------------------------------------------------

  ==> Geometry <==

    Molecular point group: c1
    Full point group: C1

    Geometry (in Angstrom), charge = 0, multiplicity = 1:

       Center              X                  Y                   Z               Mass       
    ------------   -----------------  -----------------  -----------------  -----------------
         C            0.045212844565     4.580588741952    -0.028964620916    12.000000000000
         H           -0.874460821627     4.055343723627     0.197498622462     1.007825032230
         H            0.186451015405     5.385931739248     0.679697315819     1.007825032230
         H           -0.037296317295     5.019998398859    -1.017152158724     1.007825032230
         C            1.271912533981     3.691413444909    -0.000000000000    12.000000000000
         O            2.379157577821     4.167247235197    -0.000475117581    15.994914619570
         N            1.020159865268     2.367629403684     0.004692796949    14.003074004430
         H            0.077611127454     2.046820763062     0.002981441877     1.007825032230
         C            2.019110349483     1.310614502512    -0.001655336824    12.000000000000
         C            2.890483822850     1.382700087731     1.264910643092    12.000000000000
         H            3.386607235387     2.341114542546     1.304444025617     1.007825032230
         H            2.277511680133     1.269987897961     2.152672555285     1.007825032230
         H            3.648206367593     0.606414861785     1.272927601865     1.007825032230
         C            2.878805956246     1.384435056279    -1.276153380047    12.000000000000
         H            3.634888380933     0.606743055577    -1.293004016205     1.007825032230
         H            2.257439526232     1.274573165479    -2.158479732570     1.007825032230
         H            3.376230808864     2.342119435174    -1.318147846736     1.007825032230
         C            1.205428895019     0.000000000000    -0.000000000000    12.000000000000
         O            0.000000000000     0.000000000000     0.000000000000    15.994914619570
         N            1.908895460888    -1.145096298410     0.000316334498    14.003074004430
         H            2.899990254803    -1.116603463563     0.001782434106     1.007825032230
         C            1.248096177665    -2.434335826194     0.001463141709    12.000000000000
         H            0.627236022679    -2.549809556174     0.880362228196     1.007825032230
         H            0.624013570444    -2.549344341609    -0.875163548037     1.007825032230
         H            2.004814404280    -3.206937821362    -0.000145052829     1.007825032230

  Running in c1 symmetry.

  Rotational constants: A =      0.03865  B =      0.01341  C =      0.01069 [cm^-1]
  Rotational constants: A =   1158.55070  B =    401.99161  C =    320.38501 [MHz]
  Nuclear repulsion =  667.373983404715204

  Charge       = 0
  Multiplicity = 1
  Electrons    = 86
  Nalpha       = 43
  Nbeta        = 43

  ==> Algorithm <==

  SCF Algorithm Type is DF.
  DIIS enabled.
  MOM disabled.
  Fractional occupation disabled.
  Guess Type is SAD.
  Energy threshold   = 1.00e-06
  Density threshold  = 1.00e-06
  Integral threshold = 0.00e+00

  ==> Primary Basis <==

  Basis Set: AUG-CC-PV(D+D)Z
    Blend: AUG-CC-PV(D+D)Z
    Number of shells: 169
    Number of basis function: 379
    Number of Cartesian functions: 401
    Spherical Harmonics?: true
    Max angular momentum: 2

  ==> DFT Potential <==

   => Composite Functional: PW6B95 <= 

    PW6B95 Hybrid Meta-GGA XC Functional

    Y. Zhao and D. Truhlar, J. Phys. Chem. A., 109,5656-5667, 2005


    Deriv               =              1
    GGA                 =           TRUE
    Meta                =           TRUE

    Exchange Hybrid     =           TRUE
    MP2 Hybrid          =          FALSE

   => Exchange Functionals <=

    0.7200    XC_GGA_X_PW91

   => Exact (HF) Exchange <=

    0.2800               HF 

   => Correlation Functionals <=

    1.0000   XC_MGGA_C_BC95

   => Molecular Quadrature <=

    Radial Scheme          =       TREUTLER
    Pruning Scheme         =           FLAT
    Nuclear Scheme         =       TREUTLER

    BS radius alpha        =              1
    Pruning alpha          =              1
    Radial Points          =             75
    Spherical Points       =            302
    Total Points           =         566250
    Total Blocks           =           4139
    Max Points             =            256
    Max Functions          =            363

   => Loading Basis Set <=

    Name: (AUG-CC-PV(D+D)Z AUX)
    Role: JKFIT
    Keyword: DF_BASIS_SCF
    atoms 1, 5, 9-10, 14, 18, 22          entry C          line   154 file /store/opt/anaconda3/envs/psiresp/share/psi4/basis/aug-cc-pvdz-jkfit.gbs 
    atoms 2-4, 8, 11-13, 15-17, 21, 23-25 entry H          line    70 file /store/opt/anaconda3/envs/psiresp/share/psi4/basis/aug-cc-pvdz-jkfit.gbs 
    atoms 6, 19                           entry O          line   270 file /store/opt/anaconda3/envs/psiresp/share/psi4/basis/aug-cc-pvdz-jkfit.gbs 
    atoms 7, 20                           entry N          line   212 file /store/opt/anaconda3/envs/psiresp/share/psi4/basis/aug-cc-pvdz-jkfit.gbs 

  **PSI4:PCMSOLVER Interface Active**

-----------------------------------------------------------------------
   PCMSolver: An Open Source API for the Polarizable Continuum Model
                   PCMSolver 1.2.1+fa7c826

           Git: Branch {HEAD}, Revision {fa7c826}

 R. Di Remigio, A. H. Steindal, K. Mozgawa, V. Weijo, H. Cao, and
 L. Frediani, Int. J. Quantum Chem., to be submitted

 Source repository: https://github.com/PCMSolver/pcmsolver
 Documentation: https://pcmsolver.readthedocs.io/
 PCMSolver initialized on: Sunday, 25 July 2021 07:27 AM
-----------------------------------------------------------------------

~~~~~~~~~~ PCMSolver ~~~~~~~~~~
Using CODATA 2010 set of constants.
Input parsing done API-side
========== Cavity 
Atomic radii set: 
Cavity type: GePol
Average tesserae area = 0.3 Ang^2
Solvent probe radius = 1.385 Ang
Number of spheres = 25 [initial = 25; added = 0]
Number of finite elements = 1182
Number of irreducible finite elements = 1182
============ Spheres list (in Angstrom)
 Sphere   on   Radius   Alpha       X            Y            Z     
-------- ---- -------- ------- -----------  -----------  -----------
   1      C    1.7000   1.20     0.045213     4.580589     -0.028965
   2      H    1.2000   1.20     -0.874461     4.055344     0.197499
   3      H    1.2000   1.20     0.186451     5.385932     0.679697
   4      H    1.2000   1.20     -0.037296     5.019998     -1.017152
   5      C    1.7000   1.20     1.271913     3.691413     -0.000000
   6      O    1.5200   1.20     2.379158     4.167247     -0.000475
   7      N    1.5500   1.20     1.020160     2.367629     0.004693
   8      H    1.2000   1.20     0.077611     2.046821     0.002981
   9      C    1.7000   1.20     2.019110     1.310615     -0.001655
  10      C    1.7000   1.20     2.890484     1.382700     1.264911
  11      H    1.2000   1.20     3.386607     2.341115     1.304444
  12      H    1.2000   1.20     2.277512     1.269988     2.152673
  13      H    1.2000   1.20     3.648206     0.606415     1.272928
  14      C    1.7000   1.20     2.878806     1.384435     -1.276153
  15      H    1.2000   1.20     3.634888     0.606743     -1.293004
  16      H    1.2000   1.20     2.257440     1.274573     -2.158480
  17      H    1.2000   1.20     3.376231     2.342119     -1.318148
  18      C    1.7000   1.20     1.205429     0.000000     -0.000000
  19      O    1.5200   1.20     0.000000     0.000000     0.000000
  20      N    1.5500   1.20     1.908895     -1.145096     0.000316
  21      H    1.2000   1.20     2.899990     -1.116603     0.001782
  22      C    1.7000   1.20     1.248096     -2.434336     0.001463
  23      H    1.2000   1.20     0.627236     -2.549810     0.880362
  24      H    1.2000   1.20     0.624014     -2.549344     -0.875164
  25      H    1.2000   1.20     2.004814     -3.206938     -0.000145
========== Static solver 
Solver Type: C-PCM
PCM matrix hermitivitized
Correction = 0.00
============ Medium 
Medium initialized from solvent built-in data.
Solvent name:          Water
Static  permittivity = 78.39
Optical permittivity = 1.78
Solvent radius =       1.39 Ang
.... Inside 
Green's function type: vacuum
.... Outside 
Green's function type: uniform dielectric
Permittivity = 78.39

  PCM does not make use of molecular symmetry: further calculations in C1 point group.
  ==> Pre-Iterations <==

   -------------------------------------------------------
    Irrep   Nso     Nmo     Nalpha   Nbeta   Ndocc  Nsocc
   -------------------------------------------------------
     A        379     379       0       0       0       0
   -------------------------------------------------------
    Total     379     379      43      43      43       0
   -------------------------------------------------------

  ==> Integral Setup <==

  ==> DiskDFJK: Density-Fitted J/K Matrices <==

    J tasked:                  Yes
    K tasked:                  Yes
    wK tasked:                  No
    OpenMP threads:              1
    Integrals threads:           1
    Memory [MiB]:              321
    Algorithm:                Disk
    Integral Cache:           NONE
    Schwarz Cutoff:          1E-12
    Fitting Condition:       1E-10

   => Auxiliary Basis Set <=

  Basis Set: (AUG-CC-PV(D+D)Z AUX)
    Blend: AUG-CC-PVDZ-JKFIT
    Number of shells: 476
    Number of basis function: 1394
    Number of Cartesian functions: 1601
    Spherical Harmonics?: true
    Max angular momentum: 3

  Cached 0.3% of DFT collocation blocks in 0.030 [GiB].

  Minimum eigenvalue in the overlap matrix is 2.1651230003E-06.
  Using Symmetric Orthogonalization.

  SCF Guess: Superposition of Atomic Densities via on-the-fly atomic UHF.

  ==> Iterations <==

                           Total Energy        Delta E     RMS |[F,P]|

   @DF-RKS iter SAD:  -535.12616647964444   -5.35126e+02   0.00000e+00 
   @DF-RKS iter   1:  -534.96515716892463    1.61009e-01   3.66967e-03 DIIS
   @DF-RKS iter   2:  -534.75131992885758    2.13837e-01   4.02466e-03 DIIS
   @DF-RKS iter   3:  -535.88260897083637   -1.13129e+00   5.13010e-04 DIIS
   @DF-RKS iter   4:  -535.89446104414765   -1.18521e-02   2.33153e-04 DIIS
   @DF-RKS iter   5:  -535.89735983706112   -2.89879e-03   8.17453e-05 DIIS
   @DF-RKS iter   6:  -535.89774019946788   -3.80362e-04   1.77247e-05 DIIS
   @DF-RKS iter   7:  -535.89775752276159   -1.73233e-05   5.35596e-06 DIIS
   @DF-RKS iter   8:  -535.89775890684336   -1.38408e-06   2.19349e-06 DIIS
   @DF-RKS iter   9:  -535.89775913728852   -2.30445e-07   6.94756e-07 DIIS
  Energy and wave function converged.


  ==> Post-Iterations <==

    Orbital Energies [Eh]
    ---------------------

    Doubly Occupied:                                                      

       1A    -19.298716     2A    -19.286269     3A    -14.514716  
       4A    -14.497184     5A    -10.416137     6A    -10.410945  
       7A    -10.371605     8A    -10.346353     9A    -10.306290  
      10A    -10.301321    11A    -10.301215    12A     -1.102820  
      13A     -1.087787    14A     -0.971795    15A     -0.964769  
      16A     -0.831103    17A     -0.758319    18A     -0.743227  
      19A     -0.728013    20A     -0.672119    21A     -0.630081  
      22A     -0.584684    23A     -0.570895    24A     -0.507631  
      25A     -0.495967    26A     -0.493424    27A     -0.482576  
      28A     -0.479389    29A     -0.455736    30A     -0.451487  
      31A     -0.443741    32A     -0.428027    33A     -0.423540  
      34A     -0.421180    35A     -0.405473    36A     -0.400579  
      37A     -0.386146    38A     -0.384420    39A     -0.369133  
      40A     -0.293543    41A     -0.292301    42A     -0.280777  
      43A     -0.278444  

    Virtual:                                                              

      44A     -0.015815    45A      0.002386    46A      0.007788  
      47A      0.008440    48A      0.019514    49A      0.022728  
      50A      0.025255    51A      0.027389    52A      0.038239  
      53A      0.039740    54A      0.041099    55A      0.046915  
      56A      0.049235    57A      0.059545    58A      0.060874  
      59A      0.065907    60A      0.074016    61A      0.078252  
      62A      0.089035    63A      0.094363    64A      0.094542  
      65A      0.098490    66A      0.101363    67A      0.105973  
      68A      0.108225    69A      0.109348    70A      0.116384  
      71A      0.119708    72A      0.122159    73A      0.124854  
      74A      0.128747    75A      0.134446    76A      0.138154  
      77A      0.143444    78A      0.146211    79A      0.147340  
      80A      0.150777    81A      0.155166    82A      0.158279  
      83A      0.160629    84A      0.169210    85A      0.171818  
      86A      0.173720    87A      0.178306    88A      0.182449  
      89A      0.187663    90A      0.191613    91A      0.197854  
      92A      0.205086    93A      0.207519    94A      0.223788  
      95A      0.226919    96A      0.231647    97A      0.232419  
      98A      0.235887    99A      0.242833   100A      0.246262  
     101A      0.253143   102A      0.258940   103A      0.264693  
     104A      0.267307   105A      0.278743   106A      0.281154  
     107A      0.284613   108A      0.289643   109A      0.292694  
     110A      0.299167   111A      0.306042   112A      0.308487  
     113A      0.311064   114A      0.317496   115A      0.322122  
     116A      0.325419   117A      0.338416   118A      0.345018  
     119A      0.350982   120A      0.352787   121A      0.356715  
     122A      0.357359   123A      0.365288   124A      0.370242  
     125A      0.375724   126A      0.380885   127A      0.385667  
     128A      0.387168   129A      0.395036   130A      0.402756  
     131A      0.405908   132A      0.407626   133A      0.409538  
     134A      0.416167   135A      0.424057   136A      0.435107  
     137A      0.437675   138A      0.444685   139A      0.455073  
     140A      0.457645   141A      0.460952   142A      0.466418  
     143A      0.473789   144A      0.476227   145A      0.485892  
     146A      0.491848   147A      0.498379   148A      0.500436  
     149A      0.504746   150A      0.507872   151A      0.511307  
     152A      0.513694   153A      0.516132   154A      0.523067  
     155A      0.528512   156A      0.541326   157A      0.541891  
     158A      0.552377   159A      0.555198   160A      0.561560  
     161A      0.564779   162A      0.573715   163A      0.577735  
     164A      0.579974   165A      0.589301   166A      0.596452  
     167A      0.601826   168A      0.613222   169A      0.622762  
     170A      0.626206   171A      0.630814   172A      0.635349  
     173A      0.641321   174A      0.650345   175A      0.656797  
     176A      0.661640   177A      0.665515   178A      0.672511  
     179A      0.676563   180A      0.679497   181A      0.685009  
     182A      0.701462   183A      0.705076   184A      0.717943  
     185A      0.721836   186A      0.732095   187A      0.733602  
     188A      0.742585   189A      0.754684   190A      0.755987  
     191A      0.762043   192A      0.767859   193A      0.773335  
     194A      0.777170   195A      0.783346   196A      0.790006  
     197A      0.803397   198A      0.821541   199A      0.830182  
     200A      0.840729   201A      0.844270   202A      0.846976  
     203A      0.850284   204A      0.859607   205A      0.879772  
     206A      0.887705   207A      0.900884   208A      0.910745  
     209A      0.922595   210A      0.928239   211A      0.929078  
     212A      0.946384   213A      0.961252   214A      0.967739  
     215A      0.972457   216A      0.984950   217A      0.987326  
     218A      0.998464   219A      1.004487   220A      1.017294  
     221A      1.022991   222A      1.027159   223A      1.047325  
     224A      1.052663   225A      1.061005   226A      1.078541  
     227A      1.097565   228A      1.101684   229A      1.114448  
     230A      1.135816   231A      1.139373   232A      1.149505  
     233A      1.150463   234A      1.157935   235A      1.172378  
     236A      1.188888   237A      1.194625   238A      1.232522  
     239A      1.236893   240A      1.255311   241A      1.278119  
     242A      1.298593   243A      1.312057   244A      1.324006  
     245A      1.337523   246A      1.343021   247A      1.361254  
     248A      1.378043   249A      1.381813   250A      1.396597  
     251A      1.436425   252A      1.451873   253A      1.464670  
     254A      1.473336   255A      1.482179   256A      1.497905  
     257A      1.517408   258A      1.543525   259A      1.547825  
     260A      1.559121   261A      1.562876   262A      1.579582  
     263A      1.597828   264A      1.613974   265A      1.616895  
     266A      1.627424   267A      1.639872   268A      1.652084  
     269A      1.659596   270A      1.664937   271A      1.672462  
     272A      1.694587   273A      1.701678   274A      1.719327  
     275A      1.735140   276A      1.749824   277A      1.756916  
     278A      1.761307   279A      1.786772   280A      1.792271  
     281A      1.806951   282A      1.817622   283A      1.830740  
     284A      1.838272   285A      1.841094   286A      1.857311  
     287A      1.866643   288A      1.878650   289A      1.883157  
     290A      1.890245   291A      1.916967   292A      1.919485  
     293A      1.933931   294A      1.939786   295A      1.959286  
     296A      1.964618   297A      1.982484   298A      2.008062  
     299A      2.016194   300A      2.030845   301A      2.034695  
     302A      2.043242   303A      2.044986   304A      2.072866  
     305A      2.075299   306A      2.081781   307A      2.086080  
     308A      2.124257   309A      2.127164   310A      2.150254  
     311A      2.163452   312A      2.188466   313A      2.193762  
     314A      2.212305   315A      2.215753   316A      2.229225  
     317A      2.238980   318A      2.251616   319A      2.263702  
     320A      2.268475   321A      2.282891   322A      2.318700  
     323A      2.334766   324A      2.354467   325A      2.364417  
     326A      2.371790   327A      2.385499   328A      2.418958  
     329A      2.425500   330A      2.426856   331A      2.441734  
     332A      2.466384   333A      2.479089   334A      2.484326  
     335A      2.502270   336A      2.525826   337A      2.537485  
     338A      2.556673   339A      2.576373   340A      2.580428  
     341A      2.596602   342A      2.607252   343A      2.609223  
     344A      2.624780   345A      2.640117   346A      2.655167  
     347A      2.675123   348A      2.679496   349A      2.705712  
     350A      2.713743   351A      2.736684   352A      2.764424  
     353A      2.806928   354A      2.837721   355A      2.841445  
     356A      2.910780   357A      2.922437   358A      2.950734  
     359A      2.976956   360A      3.045666   361A      3.078509  
     362A      3.176353   363A      3.188578   364A      3.238269  
     365A      3.294751   366A      3.366514   367A      3.423148  
     368A      3.451974   369A      3.482906   370A      3.495983  
     371A      3.533729   372A      3.568653   373A      3.639423  
     374A      3.660670   375A      3.728909   376A      3.785728  
     377A      3.815920   378A      3.907771   379A      4.216693  

    Final Occupation by Irrep:
              A 
    DOCC [    43 ]

  @DF-RKS Final Energy:  -535.89775913728852

   => Energetics <=

    Nuclear Repulsion Energy =            667.3739834047152044
    One-Electron Energy =               -2050.8441181092275656
    Two-Electron Energy =                 902.7882424056101627
    DFT Exchange-Correlation Energy =     -55.2053501248275325
    Empirical Dispersion Energy =           0.0000000000000000
    VV10 Nonlocal Energy =                  0.0000000000000000
    PCM Polarization Energy =              -0.0105167135586645
    Total Energy =                       -535.8977591372885172

Computation Completed


Properties will be evaluated at   0.000000,   0.000000,   0.000000 [a0]

Properties computed using the PW6B95 density matrix

  Nuclear Dipole Moment: [e a0]
     X:   251.2961      Y:   220.9365      Z:    -0.7197

  Electronic Dipole Moment: [e a0]
     X:  -251.2290      Y:  -222.6664      Z:     0.7672

  Dipole Moment: [e a0]
     X:     0.0672      Y:    -1.7299      Z:     0.0475     Total:     1.7319

  Dipole Moment: [D]
     X:     0.1707      Y:    -4.3970      Z:     0.1207     Total:     4.4020


 Electrostatic potential computed on the grid and written to grid_esp.dat

*** tstop() called on gavle at Sun Jul 25 07:40:43 2021
Module time:
	user time   =     775.01 seconds =      12.92 minutes
	system time =       2.86 seconds =       0.05 minutes
	total time  =        780 seconds =      13.00 minutes
Total time:
	user time   =     775.01 seconds =      12.92 minutes
	system time =       2.86 seconds =       0.05 minutes
	total time  =        780 seconds =      13.00 minutes

    Psi4 stopped on: Sunday, 25 July 2021 07:40AM
    Psi4 wall time for execution: 0:13:00.11

*** Psi4 exiting successfully. Buy a developer a beer!
