
    -----------------------------------------------------------------------
          Psi4: An Open-Source Ab Initio Electronic Structure Package
                               Psi4 1.3.2 release

                         Git: Rev {HEAD} ecbda83 


    R. M. Parrish, L. A. Burns, D. G. A. Smith, A. C. Simmonett,
    A. E. DePrince III, E. G. Hohenstein, U. Bozkaya, A. Yu. Sokolov,
    R. Di Remigio, R. M. Richard, J. F. Gonthier, A. M. James,
    H. R. McAlexander, A. Kumar, M. Saitow, X. Wang, B. P. Pritchard,
    P. Verma, H. F. Schaefer III, K. Patkowski, R. A. King, E. F. Valeev,
    F. A. Evangelista, J. M. Turney, T. D. Crawford, and C. D. Sherrill,
    J. Chem. Theory Comput. 13(7) pp 3185--3197 (2017).
    (doi: 10.1021/acs.jctc.7b00174)


                         Additional Contributions by
    P. Kraus, H. Kruse, M. H. Lechner, M. C. Schieber, R. A. Shaw,
    A. Alenaizan, R. Galvelis, Z. L. Glick, S. Lehtola, and J. P. Misiewicz

    -----------------------------------------------------------------------


    Psi4 started on: Sunday, 25 July 2021 01:18AM

    Process ID: 1592818
    Host:       gavle
    PSIDATADIR: /store/opt/anaconda3/envs/psiresp/share/psi4
    Memory:     500.0 MiB
    Threads:    1
    
  ==> Input File <==

--------------------------------------------------------------------------
memory 500 MB
molecule nme2ala2_gas_c001_o001 {
    units Angstrom
    no_com
    no_reorient
    0 1
        C               -1.418226222472137    -0.529811499803617     0.031714090007150
    H               -1.452128617916569    -1.604168049396452     0.175167982779789
    H               -1.954895611012030    -0.061410068185364     0.851388290197367
    H               -1.910296561287842    -0.269520826643125    -0.893974139235408
    C                0.000000000000000     0.000000000000000     0.000000000000000
    O                0.332949129188107     0.892217815849341    -0.727404855399488
    N                0.869576529806922    -0.620513367916468     0.846737309421570
    H                0.474693645977293    -1.261537802060092     1.498238506281098
    C                2.181651420824369    -0.074330265293132     1.209533369215883
    C                2.816635078439484    -1.061238397585070     2.201578767015335
    H                2.223526050815746    -1.117711779201286     3.110162495235581
    H                2.892856093834139    -2.054425374022408     1.772566219897687
    H                3.810199325367660    -0.725353988964513     2.468100124457842
    C                2.054350689659348     1.309215207819001     1.855453290744422
    H                3.026406695320264     1.671935802873882     2.156700171769036
    H                1.625038212423306     2.021012185967890     1.165179353399468
    H                1.416652207759027     1.238895429795118     2.731995961209797
    C                3.132363607742307    -0.000000000000003     0.000000000000000
    O                4.043911934062320     0.781424135879420     0.000000000000000
    N                2.968396317542393    -0.930670243905599    -0.963104630826850
    H                2.092419500818157    -1.394682601690146    -1.004074593683515
    C                3.762989993030206    -0.879398281090697    -2.171831968557909
    H                3.499885735498246    -0.029691051034028    -2.792775208766367
    H                4.809404568300345    -0.805978145328745    -1.915840872507505
    H                3.600923843947478    -1.791296675947460    -2.732081055283911


}

set basis 6-31g*
E, wfn = prop('hf', properties=['GRID_ESP'], return_wfn=True)
esp = wfn.oeprop.Vvals()
--------------------------------------------------------------------------

  Memory set to   2.794 GiB by Python driver.

  Memory set to 476.837 MiB by Python driver.

*** tstart() called on gavle
*** at Sun Jul 25 01:18:41 2021

   => Loading Basis Set <=

    Name: 6-31G*
    Role: ORBITAL
    Keyword: BASIS
    atoms 1, 5, 9-10, 14, 18, 22          entry C          line   111 file /store/opt/anaconda3/envs/psiresp/share/psi4/basis/6-31gs.gbs 
    atoms 2-4, 8, 11-13, 15-17, 21, 23-25 entry H          line    44 file /store/opt/anaconda3/envs/psiresp/share/psi4/basis/6-31gs.gbs 
    atoms 6, 19                           entry O          line   145 file /store/opt/anaconda3/envs/psiresp/share/psi4/basis/6-31gs.gbs 
    atoms 7, 20                           entry N          line   128 file /store/opt/anaconda3/envs/psiresp/share/psi4/basis/6-31gs.gbs 


         ---------------------------------------------------------
                                   SCF
               by Justin Turney, Rob Parrish, Andy Simmonett
                          and Daniel G. A. Smith
                              RHF Reference
                        1 Threads,    476 MiB Core
         ---------------------------------------------------------

  ==> Geometry <==

    Molecular point group: c1
    Full point group: C1

    Geometry (in Angstrom), charge = 0, multiplicity = 1:

       Center              X                  Y                   Z               Mass       
    ------------   -----------------  -----------------  -----------------  -----------------
         C           -1.418226222472    -0.529811499804     0.031714090007    12.000000000000
         H           -1.452128617917    -1.604168049396     0.175167982780     1.007825032230
         H           -1.954895611012    -0.061410068185     0.851388290197     1.007825032230
         H           -1.910296561288    -0.269520826643    -0.893974139235     1.007825032230
         C            0.000000000000     0.000000000000     0.000000000000    12.000000000000
         O            0.332949129188     0.892217815849    -0.727404855399    15.994914619570
         N            0.869576529807    -0.620513367916     0.846737309422    14.003074004430
         H            0.474693645977    -1.261537802060     1.498238506281     1.007825032230
         C            2.181651420824    -0.074330265293     1.209533369216    12.000000000000
         C            2.816635078439    -1.061238397585     2.201578767015    12.000000000000
         H            2.223526050816    -1.117711779201     3.110162495236     1.007825032230
         H            2.892856093834    -2.054425374022     1.772566219898     1.007825032230
         H            3.810199325368    -0.725353988965     2.468100124458     1.007825032230
         C            2.054350689659     1.309215207819     1.855453290744    12.000000000000
         H            3.026406695320     1.671935802874     2.156700171769     1.007825032230
         H            1.625038212423     2.021012185968     1.165179353399     1.007825032230
         H            1.416652207759     1.238895429795     2.731995961210     1.007825032230
         C            3.132363607742    -0.000000000000     0.000000000000    12.000000000000
         O            4.043911934062     0.781424135879     0.000000000000    15.994914619570
         N            2.968396317542    -0.930670243906    -0.963104630827    14.003074004430
         H            2.092419500818    -1.394682601690    -1.004074593684     1.007825032230
         C            3.762989993030    -0.879398281091    -2.171831968558    12.000000000000
         H            3.499885735498    -0.029691051034    -2.792775208766     1.007825032230
         H            4.809404568300    -0.805978145329    -1.915840872508     1.007825032230
         H            3.600923843947    -1.791296675947    -2.732081055284     1.007825032230

  Running in c1 symmetry.

  Rotational constants: A =      0.04546  B =      0.01498  C =      0.01312 [cm^-1]
  Rotational constants: A =   1362.85193  B =    449.16748  C =    393.45312 [MHz]
  Nuclear repulsion =  680.028081014479540

  Charge       = 0
  Multiplicity = 1
  Electrons    = 86
  Nalpha       = 43
  Nbeta        = 43

  ==> Algorithm <==

  SCF Algorithm Type is DF.
  DIIS enabled.
  MOM disabled.
  Fractional occupation disabled.
  Guess Type is SAD.
  Energy threshold   = 1.00e-06
  Density threshold  = 1.00e-06
  Integral threshold = 0.00e+00

  ==> Primary Basis <==

  Basis Set: 6-31G*
    Blend: 6-31G*
    Number of shells: 94
    Number of basis function: 193
    Number of Cartesian functions: 193
    Spherical Harmonics?: false
    Max angular momentum: 2

   => Loading Basis Set <=

    Name: (6-31G* AUX)
    Role: JKFIT
    Keyword: DF_BASIS_SCF
    atoms 1, 5, 9-10, 14, 18, 22          entry C          line   121 file /store/opt/anaconda3/envs/psiresp/share/psi4/basis/cc-pvdz-jkfit.gbs 
    atoms 2-4, 8, 11-13, 15-17, 21, 23-25 entry H          line    51 file /store/opt/anaconda3/envs/psiresp/share/psi4/basis/cc-pvdz-jkfit.gbs 
    atoms 6, 19                           entry O          line   221 file /store/opt/anaconda3/envs/psiresp/share/psi4/basis/cc-pvdz-jkfit.gbs 
    atoms 7, 20                           entry N          line   171 file /store/opt/anaconda3/envs/psiresp/share/psi4/basis/cc-pvdz-jkfit.gbs 

  ==> Pre-Iterations <==

   -------------------------------------------------------
    Irrep   Nso     Nmo     Nalpha   Nbeta   Ndocc  Nsocc
   -------------------------------------------------------
     A        193     193       0       0       0       0
   -------------------------------------------------------
    Total     193     193      43      43      43       0
   -------------------------------------------------------

  ==> Integral Setup <==

  DFHelper Memory: AOs need 0.344 GiB; user supplied 0.349 GiB. Using in-core AOs.

  ==> MemDFJK: Density-Fitted J/K Matrices <==

    J tasked:                   Yes
    K tasked:                   Yes
    wK tasked:                   No
    OpenMP threads:               1
    Memory [MiB]:               357
    Algorithm:                 Core
    Schwarz Cutoff:           1E-12
    Mask sparsity (%):       5.9492
    Fitting Condition:        1E-10

   => Auxiliary Basis Set <=

  Basis Set: (6-31G* AUX)
    Blend: CC-PVDZ-JKFIT
    Number of shells: 390
    Number of basis function: 1241
    Number of Cartesian functions: 1241
    Spherical Harmonics?: false
    Max angular momentum: 3

  Minimum eigenvalue in the overlap matrix is 1.7955449959E-03.
  Using Symmetric Orthogonalization.

  SCF Guess: Superposition of Atomic Densities via on-the-fly atomic UHF.

  ==> Iterations <==

                           Total Energy        Delta E     RMS |[F,P]|

   @DF-RHF iter SAD:  -530.63667544192106   -5.30637e+02   0.00000e+00 
   @DF-RHF iter   1:  -531.57147264087325   -9.34797e-01   4.05383e-03 DIIS
   @DF-RHF iter   2:  -531.79862948975824   -2.27157e-01   2.52697e-03 DIIS
   @DF-RHF iter   3:  -531.88292260646551   -8.42931e-02   4.83960e-04 DIIS
   @DF-RHF iter   4:  -531.88814120812242   -5.21860e-03   1.75096e-04 DIIS
   @DF-RHF iter   5:  -531.88889988262815   -7.58675e-04   3.70005e-05 DIIS
   @DF-RHF iter   6:  -531.88896874174748   -6.88591e-05   1.97011e-05 DIIS
   @DF-RHF iter   7:  -531.88898494488922   -1.62031e-05   6.94248e-06 DIIS
   @DF-RHF iter   8:  -531.88898753585750   -2.59097e-06   1.97222e-06 DIIS
   @DF-RHF iter   9:  -531.88898774537108   -2.09514e-07   5.84216e-07 DIIS
  Energy and wave function converged.


  ==> Post-Iterations <==

    Orbital Energies [Eh]
    ---------------------

    Doubly Occupied:                                                      

       1A    -20.535483     2A    -20.513471     3A    -15.595404  
       4A    -15.572169     5A    -11.358968     6A    -11.335263  
       7A    -11.289162     8A    -11.246640     9A    -11.243017  
      10A    -11.232772    11A    -11.207347    12A     -1.404704  
      13A     -1.382855    14A     -1.252680    15A     -1.218139  
      16A     -1.076896    17A     -1.003924    18A     -0.952800  
      19A     -0.947597    20A     -0.848910    21A     -0.807187  
      22A     -0.770653    23A     -0.712860    24A     -0.690747  
      25A     -0.654488    26A     -0.628452    27A     -0.623756  
      28A     -0.620363    29A     -0.599840    30A     -0.594580  
      31A     -0.582982    32A     -0.572271    33A     -0.558576  
      34A     -0.542714    35A     -0.540735    36A     -0.519928  
      37A     -0.516313    38A     -0.510812    39A     -0.491222  
      40A     -0.429559    41A     -0.421572    42A     -0.389726  
      43A     -0.378603  

    Virtual:                                                              

      44A      0.189311    45A      0.200852    46A      0.209822  
      47A      0.249844    48A      0.252916    49A      0.279230  
      50A      0.288430    51A      0.290895    52A      0.300404  
      53A      0.302440    54A      0.322966    55A      0.326895  
      56A      0.330203    57A      0.344439    58A      0.357691  
      59A      0.360960    60A      0.380927    61A      0.386330  
      62A      0.402264    63A      0.429184    64A      0.447137  
      65A      0.476616    66A      0.516354    67A      0.539906  
      68A      0.580434    69A      0.640715    70A      0.697713  
      71A      0.709125    72A      0.729689    73A      0.742498  
      74A      0.754290    75A      0.763872    76A      0.769498  
      77A      0.795372    78A      0.816001    79A      0.831840  
      80A      0.866817    81A      0.881139    82A      0.903773  
      83A      0.933537    84A      0.941485    85A      0.967048  
      86A      0.978657    87A      0.987428    88A      1.016680  
      89A      1.021185    90A      1.026861    91A      1.035637  
      92A      1.055884    93A      1.095053    94A      1.113387  
      95A      1.127294    96A      1.132589    97A      1.143779  
      98A      1.155003    99A      1.158502   100A      1.178401  
     101A      1.181905   102A      1.184440   103A      1.199620  
     104A      1.212592   105A      1.216775   106A      1.230256  
     107A      1.240167   108A      1.251704   109A      1.261398  
     110A      1.273259   111A      1.285136   112A      1.321117  
     113A      1.368849   114A      1.387464   115A      1.393353  
     116A      1.423419   117A      1.463120   118A      1.514441  
     119A      1.558699   120A      1.588854   121A      1.594386  
     122A      1.607660   123A      1.633326   124A      1.678040  
     125A      1.717463   126A      1.739698   127A      1.761773  
     128A      1.792740   129A      1.908056   130A      1.933576  
     131A      1.966885   132A      1.992766   133A      2.018146  
     134A      2.054813   135A      2.089393   136A      2.097948  
     137A      2.120237   138A      2.142250   139A      2.155136  
     140A      2.177421   141A      2.194636   142A      2.209049  
     143A      2.220149   144A      2.236637   145A      2.262779  
     146A      2.304446   147A      2.308692   148A      2.351265  
     149A      2.376960   150A      2.386573   151A      2.404163  
     152A      2.413381   153A      2.443273   154A      2.505021  
     155A      2.537722   156A      2.561611   157A      2.572100  
     158A      2.581371   159A      2.599540   160A      2.621440  
     161A      2.650517   162A      2.692114   163A      2.706427  
     164A      2.733758   165A      2.743855   166A      2.784622  
     167A      2.794683   168A      2.837616   169A      2.882929  
     170A      2.946299   171A      2.978176   172A      3.022394  
     173A      3.065075   174A      3.100082   175A      3.107928  
     176A      3.138883   177A      3.272532   178A      3.344276  
     179A      3.387553   180A      3.417263   181A      3.539523  
     182A      3.603285   183A      4.397401   184A      4.452154  
     185A      4.487257   186A      4.599822   187A      4.659154  
     188A      4.669021   189A      4.741243   190A      4.774001  
     191A      4.862273   192A      4.991089   193A      5.198358  

    Final Occupation by Irrep:
              A 
    DOCC [    43 ]

  @DF-RHF Final Energy:  -531.88898774537108

   => Energetics <=

    Nuclear Repulsion Energy =            680.0280810144795396
    One-Electron Energy =               -2075.0817535906708144
    Two-Electron Energy =                 863.1646848308201925
    Total Energy =                       -531.8889877453710824

Computation Completed


Properties will be evaluated at   0.000000,   0.000000,   0.000000 [a0]

Properties computed using the HF density matrix

  Nuclear Dipole Moment: [e a0]
     X:   304.6503      Y:   -20.9126      Z:    35.3674

  Electronic Dipole Moment: [e a0]
     X:  -305.9932      Y:    19.0866      Z:   -34.5840

  Dipole Moment: [e a0]
     X:    -1.3429      Y:    -1.8259      Z:     0.7834     Total:     2.3982

  Dipole Moment: [D]
     X:    -3.4134      Y:    -4.6411      Z:     1.9913     Total:     6.0956


 Electrostatic potential computed on the grid and written to grid_esp.dat

*** tstop() called on gavle at Sun Jul 25 01:18:54 2021
Module time:
	user time   =      12.64 seconds =       0.21 minutes
	system time =       0.27 seconds =       0.00 minutes
	total time  =         13 seconds =       0.22 minutes
Total time:
	user time   =      12.64 seconds =       0.21 minutes
	system time =       0.27 seconds =       0.00 minutes
	total time  =         13 seconds =       0.22 minutes

    Psi4 stopped on: Sunday, 25 July 2021 01:18AM
    Psi4 wall time for execution: 0:00:12.96

*** Psi4 exiting successfully. Buy a developer a beer!
