
    -----------------------------------------------------------------------
          Psi4: An Open-Source Ab Initio Electronic Structure Package
                               Psi4 1.3.2 release

                         Git: Rev {HEAD} ecbda83 


    R. M. Parrish, L. A. Burns, D. G. A. Smith, A. C. Simmonett,
    A. E. DePrince III, E. G. Hohenstein, U. Bozkaya, A. Yu. Sokolov,
    R. Di Remigio, R. M. Richard, J. F. Gonthier, A. M. James,
    H. R. McAlexander, A. Kumar, M. Saitow, X. Wang, B. P. Pritchard,
    P. Verma, H. F. Schaefer III, K. Patkowski, R. A. King, E. F. Valeev,
    F. A. Evangelista, J. M. Turney, T. D. Crawford, and C. D. Sherrill,
    J. Chem. Theory Comput. 13(7) pp 3185--3197 (2017).
    (doi: 10.1021/acs.jctc.7b00174)


                         Additional Contributions by
    P. Kraus, H. Kruse, M. H. Lechner, M. C. Schieber, R. A. Shaw,
    A. Alenaizan, R. Galvelis, Z. L. Glick, S. Lehtola, and J. P. Misiewicz

    -----------------------------------------------------------------------


    Psi4 started on: Sunday, 25 July 2021 01:18AM

    Process ID: 1592814
    Host:       gavle
    PSIDATADIR: /store/opt/anaconda3/envs/psiresp/share/psi4
    Memory:     500.0 MiB
    Threads:    1
    
  ==> Input File <==

--------------------------------------------------------------------------
memory 500 MB
molecule methylammonium_gas_c001_o002 {
    units Angstrom
    no_com
    no_reorient
    1 1
        C                1.566089677867175     1.401637467415249    -0.000000000000000
    H                1.213313391170230     1.902224741672164    -0.887177024734546
    H                1.213310673398767     1.902226214249930     0.887175089601728
    H                2.642159107756278     1.336858262941889     0.000001628279159
    N                1.011488728740888     0.000000000000000     0.000000000000000
    H                1.311846336188909    -0.519072850399178     0.814529724098511
    H                0.000000000000000     0.000000000000000     0.000000000000000
    H                1.311846238767575    -0.519072048982196    -0.814530434530888


}

set basis 6-31g*
E, wfn = prop('hf', properties=['GRID_ESP'], return_wfn=True)
esp = wfn.oeprop.Vvals()
--------------------------------------------------------------------------

  Memory set to   2.794 GiB by Python driver.

  Memory set to 476.837 MiB by Python driver.

*** tstart() called on gavle
*** at Sun Jul 25 01:18:40 2021

   => Loading Basis Set <=

    Name: 6-31G*
    Role: ORBITAL
    Keyword: BASIS
    atoms 1        entry C          line   111 file /store/opt/anaconda3/envs/psiresp/share/psi4/basis/6-31gs.gbs 
    atoms 2-4, 6-8 entry H          line    44 file /store/opt/anaconda3/envs/psiresp/share/psi4/basis/6-31gs.gbs 
    atoms 5        entry N          line   128 file /store/opt/anaconda3/envs/psiresp/share/psi4/basis/6-31gs.gbs 


         ---------------------------------------------------------
                                   SCF
               by Justin Turney, Rob Parrish, Andy Simmonett
                          and Daniel G. A. Smith
                              RHF Reference
                        1 Threads,    476 MiB Core
         ---------------------------------------------------------

  ==> Geometry <==

    Molecular point group: c1
    Full point group: C1

    Geometry (in Angstrom), charge = 1, multiplicity = 1:

       Center              X                  Y                   Z               Mass       
    ------------   -----------------  -----------------  -----------------  -----------------
         C            1.566089677867     1.401637467415     0.000000000000    12.000000000000
         H            1.213313391170     1.902224741672    -0.887177024735     1.007825032230
         H            1.213310673399     1.902226214250     0.887175089602     1.007825032230
         H            2.642159107756     1.336858262942     0.000001628279     1.007825032230
         N            1.011488728741     0.000000000000     0.000000000000    14.003074004430
         H            1.311846336189    -0.519072850399     0.814529724099     1.007825032230
         H            0.000000000000     0.000000000000     0.000000000000     1.007825032230
         H            1.311846238768    -0.519072048982    -0.814530434531     1.007825032230

  Running in c1 symmetry.

  Rotational constants: A =      1.31100  B =      0.20205  C =      0.18639 [cm^-1]
  Rotational constants: A =  39302.92975  B =   6057.38122  C =   5587.82252 [MHz]
  Nuclear repulsion =   48.084049862824436

  Charge       = 1
  Multiplicity = 1
  Electrons    = 18
  Nalpha       = 9
  Nbeta        = 9

  ==> Algorithm <==

  SCF Algorithm Type is DF.
  DIIS enabled.
  MOM disabled.
  Fractional occupation disabled.
  Guess Type is SAD.
  Energy threshold   = 1.00e-06
  Density threshold  = 1.00e-06
  Integral threshold = 0.00e+00

  ==> Primary Basis <==

  Basis Set: 6-31G*
    Blend: 6-31G*
    Number of shells: 24
    Number of basis function: 42
    Number of Cartesian functions: 42
    Spherical Harmonics?: false
    Max angular momentum: 2

   => Loading Basis Set <=

    Name: (6-31G* AUX)
    Role: JKFIT
    Keyword: DF_BASIS_SCF
    atoms 1        entry C          line   121 file /store/opt/anaconda3/envs/psiresp/share/psi4/basis/cc-pvdz-jkfit.gbs 
    atoms 2-4, 6-8 entry H          line    51 file /store/opt/anaconda3/envs/psiresp/share/psi4/basis/cc-pvdz-jkfit.gbs 
    atoms 5        entry N          line   171 file /store/opt/anaconda3/envs/psiresp/share/psi4/basis/cc-pvdz-jkfit.gbs 

  ==> Pre-Iterations <==

   -------------------------------------------------------
    Irrep   Nso     Nmo     Nalpha   Nbeta   Ndocc  Nsocc
   -------------------------------------------------------
     A         42      42       0       0       0       0
   -------------------------------------------------------
    Total      42      42       9       9       9       0
   -------------------------------------------------------

  ==> Integral Setup <==

  DFHelper Memory: AOs need 0.005 GiB; user supplied 0.349 GiB. Using in-core AOs.

  ==> MemDFJK: Density-Fitted J/K Matrices <==

    J tasked:                   Yes
    K tasked:                   Yes
    wK tasked:                   No
    OpenMP threads:               1
    Memory [MiB]:               357
    Algorithm:                 Core
    Schwarz Cutoff:           1E-12
    Mask sparsity (%):       0.0000
    Fitting Condition:        1E-10

   => Auxiliary Basis Set <=

  Basis Set: (6-31G* AUX)
    Blend: CC-PVDZ-JKFIT
    Number of shells: 102
    Number of basis function: 312
    Number of Cartesian functions: 312
    Spherical Harmonics?: false
    Max angular momentum: 3

  Minimum eigenvalue in the overlap matrix is 9.0841816304E-03.
  Using Symmetric Orthogonalization.

  SCF Guess: Superposition of Atomic Densities via on-the-fly atomic UHF.

  ==> Iterations <==

                           Total Energy        Delta E     RMS |[F,P]|

   @DF-RHF iter SAD:   -95.43553482751483   -9.54355e+01   0.00000e+00 
   @DF-RHF iter   1:   -95.52539134252896   -8.98565e-02   6.12883e-03 DIIS
   @DF-RHF iter   2:   -95.57021240369681   -4.48211e-02   1.55406e-03 DIIS
   @DF-RHF iter   3:   -95.57318878782684   -2.97638e-03   4.87899e-04 DIIS
   @DF-RHF iter   4:   -95.57346592085793   -2.77133e-04   9.31663e-05 DIIS
   @DF-RHF iter   5:   -95.57348003121439   -1.41104e-05   1.80209e-05 DIIS
   @DF-RHF iter   6:   -95.57348068042069   -6.49206e-07   5.28052e-06 DIIS
   @DF-RHF iter   7:   -95.57348070953934   -2.91187e-08   1.52093e-06 DIIS
   @DF-RHF iter   8:   -95.57348071350872   -3.96938e-09   1.70375e-07 DIIS
  Energy and wave function converged.


  ==> Post-Iterations <==

    Orbital Energies [Eh]
    ---------------------

    Doubly Occupied:                                                      

       1A    -15.918264     2A    -11.492583     3A     -1.537243  
       4A     -1.184417     5A     -0.996669     6A     -0.996669  
       7A     -0.871339     8A     -0.789028     9A     -0.789028  

    Virtual:                                                              

      10A     -0.040540    11A      0.046595    12A      0.046596  
      13A      0.072249    14A      0.115239    15A      0.115239  
      16A      0.129441    17A      0.504863    18A      0.504863  
      19A      0.507983    20A      0.670394    21A      0.670394  
      22A      0.718537    23A      0.894389    24A      0.894389  
      25A      0.913144    26A      0.958752    27A      0.958752  
      28A      1.011948    29A      1.068516    30A      1.473691  
      31A      1.473691    32A      1.570211    33A      2.008397  
      34A      2.050903    35A      2.050903    36A      2.373360  
      37A      2.373360    38A      2.436167    39A      2.436168  
      40A      2.673748    41A      3.917555    42A      4.427058  

    Final Occupation by Irrep:
              A 
    DOCC [     9 ]

  @DF-RHF Final Energy:   -95.57348071350872

   => Energetics <=

    Nuclear Repulsion Energy =             48.0840498628244362
    One-Electron Energy =                -218.1645873165516605
    Two-Electron Energy =                  74.5070567402185162
    Total Energy =                        -95.5734807135087152

Computation Completed


Properties will be evaluated at   0.000000,   0.000000,   0.000000 [a0]

Properties computed using the HF density matrix

  Nuclear Dipole Moment: [e a0]
     X:    45.6736      Y:    23.6461      Z:    -0.0000

  Electronic Dipole Moment: [e a0]
     X:   -43.5915      Y:   -23.2149      Z:     0.0000

  Dipole Moment: [e a0]
     X:     2.0821      Y:     0.4312      Z:    -0.0000     Total:     2.1263

  Dipole Moment: [D]
     X:     5.2921      Y:     1.0961      Z:    -0.0000     Total:     5.4044


 Electrostatic potential computed on the grid and written to grid_esp.dat

*** tstop() called on gavle at Sun Jul 25 01:18:41 2021
Module time:
	user time   =       0.71 seconds =       0.01 minutes
	system time =       0.02 seconds =       0.00 minutes
	total time  =          1 seconds =       0.02 minutes
Total time:
	user time   =       0.71 seconds =       0.01 minutes
	system time =       0.02 seconds =       0.00 minutes
	total time  =          1 seconds =       0.02 minutes

    Psi4 stopped on: Sunday, 25 July 2021 01:18AM
    Psi4 wall time for execution: 0:00:00.77

*** Psi4 exiting successfully. Buy a developer a beer!
